Archive member included because of file (symbol)

contiki-z1.a(rimeaddr.o)      obj_z1/contiki-z1-main.o (rimeaddr_copy)
contiki-z1.a(rime.o)          obj_z1/contiki-z1-main.o (rime_driver)
contiki-z1.a(announcement.o)  contiki-z1.a(rime.o) (announcement_init)
contiki-z1.a(broadcast-annou)
                              contiki-z1.a(rime.o) (broadcast_announcement_init)
contiki-z1.a(broadcast.o)     blockchain.co (broadcast_open)
contiki-z1.a(abc.o)           contiki-z1.a(broadcast.o) (abc_open)
contiki-z1.a(chameleon.o)     contiki-z1.a(rime.o) (chameleon_init)
contiki-z1.a(channel.o)       contiki-z1.a(chameleon.o) (channel_init)
contiki-z1.a(chameleon-bitop)
                              contiki-z1.a(chameleon.o) (chameleon_bitopt)
contiki-z1.a(csma.o)          obj_z1/contiki-z1-main.o (csma_driver)
contiki-z1.a(contikimac.o)    obj_z1/contiki-z1-main.o (contikimac_driver)
contiki-z1.a(phase.o)         contiki-z1.a(contikimac.o) (phase_update)
contiki-z1.a(process.o)       obj_z1/contiki-z1-main.o (process_init)
contiki-z1.a(autostart.o)     obj_z1/contiki-z1-main.o (autostart_start)
contiki-z1.a(compower.o)      contiki-z1.a(contikimac.o) (compower_idle_activity)
contiki-z1.a(serial-line.o)   obj_z1/contiki-z1-main.o (serial_line_input_byte)
contiki-z1.a(memb.o)          contiki-z1.a(csma.o) (memb_init)
contiki-z1.a(timer.o)         contiki-z1.a(phase.o) (timer_set)
contiki-z1.a(list.o)          contiki-z1.a(announcement.o) (list_init)
contiki-z1.a(etimer.o)        obj_z1/contiki-z1-main.o (etimer_process)
contiki-z1.a(ctimer.o)        obj_z1/contiki-z1-main.o (ctimer_init)
contiki-z1.a(energest.o)      obj_z1/contiki-z1-main.o (energest_init)
contiki-z1.a(rtimer.o)        obj_z1/contiki-z1-main.o (rtimer_init)
contiki-z1.a(random.o)        contiki-z1.a(broadcast-annou) (random_rand)
contiki-z1.a(ringbuf.o)       contiki-z1.a(serial-line.o) (ringbuf_init)
contiki-z1.a(nbr-table.o)     contiki-z1.a(phase.o) (nbr_table_register)
contiki-z1.a(packetbuf.o)     contiki-z1.a(contikimac.o) (packetbuf_hdr_remove)
contiki-z1.a(queuebuf.o)      contiki-z1.a(rime.o) (queuebuf_init)
contiki-z1.a(contiki-z1-plat)
                              obj_z1/contiki-z1-main.o (init_platform)
contiki-z1.a(msp430.o)        obj_z1/contiki-z1-main.o (msp430_cpu_init)
contiki-z1.a(leds.o)          obj_z1/contiki-z1-main.o (leds_init)
contiki-z1.a(watchdog.o)      obj_z1/contiki-z1-main.o (watchdog_start)
contiki-z1.a(xmem.o)          obj_z1/contiki-z1-main.o (xmem_init)
contiki-z1.a(spi.o)           contiki-z1.a(xmem.o) (spi_init)
contiki-z1.a(cc2420.o)        blockchain.co (cc2420_set_channel)
contiki-z1.a(cc2420-arch.o)   contiki-z1.a(cc2420.o) (cc2420_arch_init)
contiki-z1.a(node-id.o)       obj_z1/contiki-z1-main.o (node_id_restore)
contiki-z1.a(sensors.o)       blockchain.co (sensors_event)
contiki-z1.a(button-sensor.o)
                              blockchain.co (button_sensor)
contiki-z1.a(uart0.o)         obj_z1/contiki-z1-main.o (uart0_active)
contiki-z1.a(uart0-putchar.o)
                              obj_z1/contiki-z1-main.o (putchar)
contiki-z1.a(tmp102.o)        blockchain.co (tmp102_init)
contiki-z1.a(i2cmaster.o)     contiki-z1.a(tmp102.o) (i2c_receiveinit)
contiki-z1.a(adxl345.o)       obj_z1/contiki-z1-main.o (accm_init)
contiki-z1.a(clock.o)         contiki-z1.a(timer.o) (clock_time)
contiki-z1.a(leds-arch.o)     contiki-z1.a(leds.o) (leds_arch_init)
contiki-z1.a(rtimer-arch.o)   contiki-z1.a(rtimer.o) (rtimer_arch_init)
contiki-z1.a(mac.o)           contiki-z1.a(csma.o) (mac_call_sent_callback)
contiki-z1.a(framer-802154.o)
                              contiki-z1.a(contikimac.o) (framer_802154)
contiki-z1.a(frame802154.o)   contiki-z1.a(framer-802154.o) (frame802154_hdrlen)
/usr/local/msp430/bin/../lib/gcc/msp430/4.7.0/mcpu-430x/mmpy-16/libgcc.a(_mulsi3.o)
                              contiki-z1.a(csma.o) (__mulsi3)
/usr/local/msp430/bin/../lib/gcc/msp430/4.7.0/mcpu-430x/mmpy-16/libgcc.a(_udivmod16.o)
                              contiki-z1.a(phase.o) (__umodhi3)
/usr/local/msp430/bin/../lib/gcc/msp430/4.7.0/mcpu-430x/mmpy-16/libgcc.a(_divmod16.o)
                              contiki-z1.a(nbr-table.o) (__divhi3)
/usr/local/msp430/bin/../lib/gcc/msp430/4.7.0/mcpu-430x/mmpy-16/libgcc.a(_udivmod32.o)
                              obj_z1/contiki-z1-main.o (__udivsi3)
/usr/local/msp430/bin/../lib/gcc/msp430/4.7.0/../../../../msp430/lib/mcpu-430x/mmpy-16/libc.a(malloc.o)
                              blockchain.co (malloc)
/usr/local/msp430/bin/../lib/gcc/msp430/4.7.0/../../../../msp430/lib/mcpu-430x/mmpy-16/libc.a(printf.o)
                              blockchain.co (printf)
/usr/local/msp430/bin/../lib/gcc/msp430/4.7.0/../../../../msp430/lib/mcpu-430x/mmpy-16/libc.a(vuprintf.o)
                              /usr/local/msp430/bin/../lib/gcc/msp430/4.7.0/../../../../msp430/lib/mcpu-430x/mmpy-16/libc.a(printf.o) (vuprintf)
[...]
Memory Configuration

Name             Origin             Length             Attributes
sfr              0x00000000         0x00000010
peripheral_8bit  0x00000010         0x000000f0
peripheral_16bit 0x00000100         0x00000100
ram_mirror       0x00000200         0x00000800         xw
infomem          0x00001000         0x00000100
infod            0x00001000         0x00000040
infoc            0x00001040         0x00000040
infob            0x00001080         0x00000040
infoa            0x000010c0         0x00000040
ram              0x00001100         0x00002000         xw
rom              0x00003100         0x0000cebe         xr
vectors          0x0000ffc0         0x00000040
far_rom          0x00010000         0x0000a000
bsl              0x00000000         0x00000000
ram2             0x00000000         0x00000000         xw
usbram           0x00000000         0x00000000         xw
*default*        0x00000000         0xffffffff

Linker script and memory map

LOAD /usr/local/msp430/bin/../lib/gcc/msp430/4.7.0/mcpu-430x/mmpy-16/crt0ivtbl32.o
                0x00000041                __P1SEL2 = 0x41
                0x00000045                __P5SEL2 = 0x45
LOAD blockchain.co
LOAD obj_z1/contiki-z1-main.o
LOAD contiki-z1.a
LOAD /usr/local/msp430/bin/../lib/gcc/msp430/4.7.0/mcpu-430x/mmpy-16/libgcc.a
LOAD /usr/local/msp430/bin/../lib/gcc/msp430/4.7.0/../../../../msp430/lib/mcpu-430x/mmpy-16/libc.a
LOAD /usr/local/msp430/bin/../lib/gcc/msp430/4.7.0/mcpu-430x/mmpy-16/libgcc.a
LOAD /usr/local/msp430/bin/../lib/gcc/msp430/4.7.0/mcpu-430x/mmpy-16/libcrt0.a
                0x00000040                PROVIDE (__info_segment_size, 0x40)
                0x00001000                PROVIDE (__infod, 0x1000)
                0x00001040                PROVIDE (__infoc, 0x1040)
                0x00001080                PROVIDE (__infob, 0x1080)
                0x000010c0                PROVIDE (__infoa, 0x10c0)
                0x00000000                __IE1 = 0x0
                0x00000002                __IFG1 = 0x2
                0x00000001                __IE2 = 0x1
                0x00000003                __IFG2 = 0x3
                0x00000006                __UC1IE = 0x6
                0x00000007                __UC1IFG = 0x7
                0x000001a0                __ADC12CTL0 = 0x1a0
                0x000001a2                __ADC12CTL1 = 0x1a2
                0x000001a4                __ADC12IFG = 0x1a4
                0x000001a6                __ADC12IE = 0x1a6
                0x000001a8                __ADC12IV = 0x1a8
                0x00000140                __ADC12MEM0 = 0x140
                0x00000142                __ADC12MEM1 = 0x142
                0x00000144                __ADC12MEM2 = 0x144
                0x00000146                __ADC12MEM3 = 0x146
                0x00000148                __ADC12MEM4 = 0x148
                0x0000014a                __ADC12MEM5 = 0x14a
                0x0000014c                __ADC12MEM6 = 0x14c
                0x0000014e                __ADC12MEM7 = 0x14e
                0x00000150                __ADC12MEM8 = 0x150
                0x00000152                __ADC12MEM9 = 0x152
                0x00000154                __ADC12MEM10 = 0x154
                0x00000156                __ADC12MEM11 = 0x156
                0x00000158                __ADC12MEM12 = 0x158
                0x0000015a                __ADC12MEM13 = 0x15a
                0x0000015c                __ADC12MEM14 = 0x15c
                0x0000015e                __ADC12MEM15 = 0x15e
                0x00000080                __ADC12MCTL0 = 0x80
                0x00000081                __ADC12MCTL1 = 0x81
                0x00000082                __ADC12MCTL2 = 0x82
                0x00000083                __ADC12MCTL3 = 0x83
                0x00000084                __ADC12MCTL4 = 0x84
                0x00000085                __ADC12MCTL5 = 0x85
                0x00000086                __ADC12MCTL6 = 0x86
                0x00000087                __ADC12MCTL7 = 0x87
                0x00000088                __ADC12MCTL8 = 0x88
                0x00000089                __ADC12MCTL9 = 0x89
                0x0000008a                __ADC12MCTL10 = 0x8a
                0x0000008b                __ADC12MCTL11 = 0x8b
                0x0000008c                __ADC12MCTL12 = 0x8c
                0x0000008d                __ADC12MCTL13 = 0x8d
                0x0000008e                __ADC12MCTL14 = 0x8e
                0x0000008f                __ADC12MCTL15 = 0x8f
                0x00000056                __DCOCTL = 0x56
                0x00000057                __BCSCTL1 = 0x57
                0x00000058                __BCSCTL2 = 0x58
                0x00000053                __BCSCTL3 = 0x53
                0x00000059                __CACTL1 = 0x59
                0x0000005a                __CACTL2 = 0x5a
                0x0000005b                __CAPD = 0x5b
                0x000001c0                __DAC12_0CTL = 0x1c0
                0x000001c2                __DAC12_1CTL = 0x1c2
                0x000001c8                __DAC12_0DAT = 0x1c8
                0x000001ca                __DAC12_1DAT = 0x1ca
                0x00000122                __DMACTL0 = 0x122
                0x00000124                __DMACTL1 = 0x124
                0x00000126                __DMAIV = 0x126
                0x000001d0                __DMA0CTL = 0x1d0
                0x000001dc                __DMA1CTL = 0x1dc
                0x000001e8                __DMA2CTL = 0x1e8
                0x000001d2                __DMA0SA = 0x1d2
                0x000001d2                __DMA0SAL = 0x1d2
                0x000001d6                __DMA0DA = 0x1d6
                0x000001d6                __DMA0DAL = 0x1d6
                0x000001da                __DMA0SZ = 0x1da
                0x000001de                __DMA1SA = 0x1de
                0x000001de                __DMA1SAL = 0x1de
                0x000001e2                __DMA1DA = 0x1e2
                0x000001e2                __DMA1DAL = 0x1e2
                0x000001e6                __DMA1SZ = 0x1e6
                0x000001ea                __DMA2SA = 0x1ea
                0x000001ea                __DMA2SAL = 0x1ea
                0x000001ee                __DMA2DA = 0x1ee
                0x000001ee                __DMA2DAL = 0x1ee
                0x000001f2                __DMA2SZ = 0x1f2
                0x00000128                __FCTL1 = 0x128
                0x0000012a                __FCTL2 = 0x12a
                0x0000012c                __FCTL3 = 0x12c
                0x000001be                __FCTL4 = 0x1be
                0x00000130                __MPY = 0x130
                0x00000132                __MPYS = 0x132
                0x00000134                __MAC = 0x134
                0x00000136                __MACS = 0x136
                0x00000138                __OP2 = 0x138
                0x0000013a                __RESLO = 0x13a
                0x0000013c                __RESHI = 0x13c
                0x0000013e                __SUMEXT = 0x13e
                0x00000020                __P1IN = 0x20
                0x00000021                __P1OUT = 0x21
                0x00000022                __P1DIR = 0x22
                0x00000023                __P1IFG = 0x23
                0x00000024                __P1IES = 0x24
                0x00000025                __P1IE = 0x25
                0x00000026                __P1SEL = 0x26
                0x00000027                __P1REN = 0x27
                0x00000028                __P2IN = 0x28
                0x00000029                __P2OUT = 0x29
                0x0000002a                __P2DIR = 0x2a
                0x0000002b                __P2IFG = 0x2b
                0x0000002c                __P2IES = 0x2c
                0x0000002d                __P2IE = 0x2d
                0x0000002e                __P2SEL = 0x2e
                0x0000002f                __P2REN = 0x2f
                0x00000018                __P3IN = 0x18
                0x00000019                __P3OUT = 0x19
                0x0000001a                __P3DIR = 0x1a
                0x0000001b                __P3SEL = 0x1b
                0x00000010                __P3REN = 0x10
                0x0000001c                __P4IN = 0x1c
                0x0000001d                __P4OUT = 0x1d
                0x0000001e                __P4DIR = 0x1e
                0x0000001f                __P4SEL = 0x1f
                0x00000011                __P4REN = 0x11
                0x00000030                __P5IN = 0x30
                0x00000031                __P5OUT = 0x31
                0x00000032                __P5DIR = 0x32
                0x00000033                __P5SEL = 0x33
                0x00000012                __P5REN = 0x12
                0x00000034                __P6IN = 0x34
                0x00000035                __P6OUT = 0x35
                0x00000036                __P6DIR = 0x36
                0x00000037                __P6SEL = 0x37
                0x00000013                __P6REN = 0x13
                0x00000038                __P7IN = 0x38
                0x0000003a                __P7OUT = 0x3a
                0x0000003c                __P7DIR = 0x3c
                0x0000003e                __P7SEL = 0x3e
                0x00000014                __P7REN = 0x14
                0x00000039                __P8IN = 0x39
                0x0000003b                __P8OUT = 0x3b
                0x0000003d                __P8DIR = 0x3d
                0x0000003f                __P8SEL = 0x3f
                0x00000015                __P8REN = 0x15
                0x00000038                __PAIN = 0x38
                0x0000003a                __PAOUT = 0x3a
                0x0000003c                __PADIR = 0x3c
                0x0000003e                __PASEL = 0x3e
                0x00000014                __PAREN = 0x14
                0x00000055                __SVSCTL = 0x55
                0x0000012e                __TAIV = 0x12e
                0x00000160                __TACTL = 0x160
                0x00000162                __TACCTL0 = 0x162
                0x00000164                __TACCTL1 = 0x164
                0x00000166                __TACCTL2 = 0x166
                0x00000170                __TAR = 0x170
                0x00000172                __TACCR0 = 0x172
                0x00000174                __TACCR1 = 0x174
                0x00000176                __TACCR2 = 0x176
                0x0000011e                __TBIV = 0x11e
                0x00000180                __TBCTL = 0x180
                0x00000182                __TBCCTL0 = 0x182
                0x00000184                __TBCCTL1 = 0x184
                0x00000186                __TBCCTL2 = 0x186
                0x00000188                __TBCCTL3 = 0x188
                0x0000018a                __TBCCTL4 = 0x18a
                0x0000018c                __TBCCTL5 = 0x18c
                0x0000018e                __TBCCTL6 = 0x18e
                0x00000190                __TBR = 0x190
                0x00000192                __TBCCR0 = 0x192
                0x00000194                __TBCCR1 = 0x194
                0x00000196                __TBCCR2 = 0x196
                0x00000198                __TBCCR3 = 0x198
                0x0000019a                __TBCCR4 = 0x19a
                0x0000019c                __TBCCR5 = 0x19c
                0x0000019e                __TBCCR6 = 0x19e
                0x00000060                __UCA0CTL0 = 0x60
                0x00000061                __UCA0CTL1 = 0x61
                0x00000062                __UCA0BR0 = 0x62
                0x00000063                __UCA0BR1 = 0x63
                0x00000064                __UCA0MCTL = 0x64
                0x00000065                __UCA0STAT = 0x65
                0x00000066                __UCA0RXBUF = 0x66
                0x00000067                __UCA0TXBUF = 0x67
                0x0000005d                __UCA0ABCTL = 0x5d
                0x0000005e                __UCA0IRTCTL = 0x5e
                0x0000005f                __UCA0IRRCTL = 0x5f
                0x00000068                __UCB0CTL0 = 0x68
                0x00000069                __UCB0CTL1 = 0x69
                0x0000006a                __UCB0BR0 = 0x6a
                0x0000006b                __UCB0BR1 = 0x6b
                0x0000006c                __UCB0I2CIE = 0x6c
                0x0000006d                __UCB0STAT = 0x6d
                0x0000006e                __UCB0RXBUF = 0x6e
                0x0000006f                __UCB0TXBUF = 0x6f
                0x00000118                __UCB0I2COA = 0x118
                0x0000011a                __UCB0I2CSA = 0x11a
                0x000000d0                __UCA1CTL0 = 0xd0
                0x000000d1                __UCA1CTL1 = 0xd1
                0x000000d2                __UCA1BR0 = 0xd2
                0x000000d3                __UCA1BR1 = 0xd3
                0x000000d4                __UCA1MCTL = 0xd4
                0x000000d5                __UCA1STAT = 0xd5
                0x000000d6                __UCA1RXBUF = 0xd6
                0x000000d7                __UCA1TXBUF = 0xd7
                0x000000cd                __UCA1ABCTL = 0xcd
                0x000000ce                __UCA1IRTCTL = 0xce
                0x000000cf                __UCA1IRRCTL = 0xcf
                0x000000d8                __UCB1CTL0 = 0xd8
                0x000000d9                __UCB1CTL1 = 0xd9
                0x000000da                __UCB1BR0 = 0xda
                0x000000db                __UCB1BR1 = 0xdb
                0x000000dc                __UCB1I2CIE = 0xdc
                0x000000dd                __UCB1STAT = 0xdd
                0x000000de                __UCB1RXBUF = 0xde
                0x000000df                __UCB1TXBUF = 0xdf
                0x0000017c                __UCB1I2COA = 0x17c
                0x0000017e                __UCB1I2CSA = 0x17e
                0x00000120                __WDTCTL = 0x120
                0x000010c0                __TLV_CHECKSUM = 0x10c0
                0x000010f6                __TLV_DCO_30_TAG = 0x10f6
                0x000010f7                __TLV_DCO_30_LEN = 0x10f7
                0x000010da                __TLV_ADC12_1_TAG = 0x10da
                0x000010db                __TLV_ADC12_1_LEN = 0x10db
                0x000010f8                __CALDCO_16MHZ = 0x10f8
                0x000010f9                __CALBC1_16MHZ = 0x10f9
                0x000010fa                __CALDCO_12MHZ = 0x10fa
                0x000010fb                __CALBC1_12MHZ = 0x10fb
                0x000010fc                __CALDCO_8MHZ = 0x10fc
                0x000010fd                __CALBC1_8MHZ = 0x10fd
                0x000010fe                __CALDCO_1MHZ = 0x10fe
                0x000010ff                __CALBC1_1MHZ = 0x10ff

.hash
 *(.hash)

.dynsym
 *(.dynsym)

.dynstr
 *(.dynstr)

.gnu.version
 *(.gnu.version)

.gnu.version_d
 *(.gnu.version_d)

.gnu.version_r
 *(.gnu.version_r)

.rel.init
 *(.rel.init)

.rela.init
 *(.rela.init)

.rel.fini
 *(.rel.fini)

.rela.fini
 *(.rela.fini)

.rel.text
 *(.rel.text .rel.text.* .rel.gnu.linkonce.t.*)

.rela.text
 *(.rela.text .rela.text.* .rela.gnu.linkonce.t.*)

.rel.rodata
 *(.rel.rodata .rel.rodata.* .rel.gnu.linkonce.r.*)

.rela.rodata
 *(.rela.rodata .rela.rodata.* .rela.gnu.linkonce.r.*)

.rel.data
 *(.rel.data .rel.data.* .rel.gnu.linkonce.d.*)

.rela.data
 *(.rela.data .rela.data.* .rela.gnu.linkonce.d.*)

.rel.bss
 *(.rel.bss .rel.bss.* .rel.gnu.linkonce.b.*)

.rela.bss
 *(.rela.bss .rela.bss.* .rela.gnu.linkonce.b.*)

.rel.ctors
 *(.rel.ctors)

.rela.ctors
 *(.rela.ctors)

.rel.dtors
 *(.rel.dtors)

.rela.dtors
 *(.rela.dtors)

.rel.got
 *(.rel.got)

.rela.got
 *(.rela.got)

.rel.plt
 *(.rel.plt)

.rela.plt
 *(.rela.plt)

.text           0x00003100     0x5c5e
                0x00003100                . = ALIGN (0x2)
 *(.init .init.*)
 *(.init0)
 .init0         0x00003100        0x0 /usr/local/msp430/bin/../lib/gcc/msp430/4.7.0/mcpu-430x/mmpy-16/libcrt0.a(_reset_vector__.o)
                0x00003100                _reset_vector__
 *(.init1)
 .init1         0x00003100        0xc /usr/local/msp430/bin/../lib/gcc/msp430/4.7.0/mcpu-430x/mmpy-16/libcrt0.a(__watchdog_support.o)
                0x00003100                __watchdog_support
 *(.init2)
 .init2         0x0000310c        0x4 /usr/local/msp430/bin/../lib/gcc/msp430/4.7.0/mcpu-430x/mmpy-16/libcrt0.a(__init_stack.o)
                0x0000310c                __init_stack
 *(.init3)
 .init3         0x00003110        0x0 /usr/local/msp430/bin/../lib/gcc/msp430/4.7.0/mcpu-430x/mmpy-16/libcrt0.a(__low_level_init.o)
                0x00003110                __low_level_init
 *(.init4)
 .init4         0x00003110       0x18 /usr/local/msp430/bin/../lib/gcc/msp430/4.7.0/mcpu-430x/mmpy-16/libcrt0.a(_copy_data.o)
                0x00003110                __do_copy_data
 .init4         0x00003128       0x16 /usr/local/msp430/bin/../lib/gcc/msp430/4.7.0/mcpu-430x/mmpy-16/libcrt0.a(_clear_bss.o)
                0x00003128                __do_clear_bss
 *(.init5)
 *(.init6)
 *(.init7)
 *(.init8)
 *(.init9)
 .init9         0x0000313e      0x302 obj_z1/contiki-z1-main.o
                0x0000313e                main
 *(.fini9)
 .fini9         0x00003440        0x0 /usr/local/msp430/bin/../lib/gcc/msp430/4.7.0/mcpu-430x/mmpy-16/libcrt0.a(__stop_progExec__.o)
                0x00003440                __stop_progExec__
 *(.fini8)
 *(.fini7)
 *(.fini6)
 *(.fini5)
 *(.fini4)
 *(.fini3)
 *(.fini2)
 *(.fini1)
 *(.fini0)
 .fini0         0x00003440        0x6 /usr/local/msp430/bin/../lib/gcc/msp430/4.7.0/mcpu-430x/mmpy-16/libcrt0.a(_endless_loop__.o)
                0x00003440                _endless_loop__
 *(.fini .fini.*)
                0x00003446                . = ALIGN (0x2)
                0x00003446                __ctors_start = .
 *(.ctors)
                0x00003446                __ctors_end = .
                0x00003446                __dtors_start = .
 *(.dtors)
                0x00003446                __dtors_end = .
                0x00003446                . = ALIGN (0x2)
 *(.text .text.* .gnu.linkonce.t.*)
 .text          0x00003446        0x4 /usr/local/msp430/bin/../lib/gcc/msp430/4.7.0/mcpu-430x/mmpy-16/crt0ivtbl32.o
                0x00003446                __isr_14
                0x00003446                __isr_4
                0x00003446                __isr_29
                0x00003446                __isr_11
                0x00003446                __isr_5
                0x00003446                __isr_2
                0x00003446                __isr_10
                0x00003446                __isr_7
                0x00003446                __isr_0
                0x00003446                __isr_28
                0x00003446                __isr_8
                0x00003446                __isr_20
                0x00003446                __isr_3
                0x00003446                __isr_12
                0x00003446                __isr_13
                0x00003446                __isr_27
                0x00003446                __isr_9
                0x00003446                __isr_30
                0x00003446                __isr_6
                0x00003446                __isr_22
                0x00003446                __isr_1
                0x00003446                __isr_15
                0x00003446                __isr_21
 .text.crt0     0x0000344a        0x0 /usr/local/msp430/bin/../lib/gcc/msp430/4.7.0/mcpu-430x/mmpy-16/crt0ivtbl32.o
 .text          0x0000344a      0x24c blockchain.co
                0x00003466                addtoaccess
                0x00003468                hash
                0x00003474                createBlock
                0x000034a8                addblock
                0x00003694                accessinit
 .text          0x00003696        0x6 obj_z1/contiki-z1-main.o
                0x00003696                uip_log
 .text          0x0000369c       0x2a contiki-z1.a(rimeaddr.o)
                0x0000369c                rimeaddr_copy
                0x000036a8                rimeaddr_cmp
                0x000036ba                rimeaddr_set_node_addr
 .text          0x000036c6       0xd8 contiki-z1.a(rime.o)
                0x00003762                rime_sniffer_add
                0x0000376e                rime_sniffer_remove
                0x0000377a                rime_output
 .text          0x0000379e      0x114 contiki-z1.a(announcement.o)
                0x0000379e                announcement_init
                0x000037a8                announcement_register
                0x000037e2                announcement_remove
                0x000037ee                announcement_remove_value
                0x00003810                announcement_set_value
                0x00003838                announcement_bump
                0x0000385a                announcement_listen
                0x00003866                announcement_register_listen_callback
                0x0000386c                announcement_register_observer_callback
                0x00003872                announcement_list
                0x0000387c                announcement_heard
 .text          0x000038b2      0x1bc contiki-z1.a(broadcast-annou)
                0x000039fe                broadcast_announcement_init
                0x00003a42                broadcast_announcement_stop
                0x00003a64                broadcast_announcement_beacon_interval
 .text          0x00003a6e       0x78 contiki-z1.a(broadcast.o)
                0x00003aa4                broadcast_open
                0x00003ac6                broadcast_close
                0x00003acc                broadcast_send
 .text          0x00003ae6       0x48 contiki-z1.a(abc.o)
                0x00003ae6                abc_open
                0x00003b04                abc_close
                0x00003b0a                abc_send
                0x00003b10                abc_input
                0x00003b1e                abc_sent
 .text          0x00003b2e       0x38 contiki-z1.a(chameleon.o)
                0x00003b2e                chameleon_init
                0x00003b34                chameleon_parse
                0x00003b44                chameleon_create
                0x00003b60                chameleon_hdrsize
 .text          0x00003b66       0x66 contiki-z1.a(channel.o)
                0x00003b66                channel_init
                0x00003b70                channel_open
                0x00003b80                channel_close
                0x00003b8c                channel_lookup
                0x00003bac                channel_set_attributes
 .text          0x00003bcc      0x2ec contiki-z1.a(chameleon-bitop)
                0x00003be2                get_bits_in_byte
                0x00003c18                get_bits
                0x00003d56                set_bits_in_byte
                0x00003d80                set_bits
 .text          0x00003eb8      0x35c contiki-z1.a(csma.o)
 .text          0x00004214      0x762 contiki-z1.a(contikimac.o)
                0x00004972                contikimac_debug_print
 .text          0x00004976      0x1b8 contiki-z1.a(phase.o)
                0x000049ba                phase_update
                0x00004a40                phase_wait
                0x00004b1a                phase_init
 .text          0x00004b2e      0x2a0 contiki-z1.a(process.o)
                0x00004c2a                process_alloc_event
                0x00004c38                process_exit
                0x00004c42                process_init
                0x00004c5e                process_run
                0x00004d02                process_nevents
                0x00004d10                process_post
                0x00004d60                process_post_synch
                0x00004d72                process_start
                0x00004da8                process_poll
                0x00004dc0                process_is_running
 .text          0x00004dce       0x2a contiki-z1.a(autostart.o)
                0x00004dce                autostart_start
                0x00004de4                autostart_exit
 .text          0x00004df8       0xbe contiki-z1.a(compower.o)
                0x00004df8                compower_init
                0x00004e0a                compower_accumulate
                0x00004e74                compower_clear
                0x00004e86                compower_attrconv
                0x00004e96                compower_accumulate_attrs
 .text          0x00004eb6      0x104 contiki-z1.a(serial-line.o)
                0x00004f54                serial_line_input_byte
                0x00004f9e                serial_line_init
 .text          0x00004fba       0xd8 contiki-z1.a(memb.o)
                0x00004fba                memb_init
                0x00004ff0                memb_alloc
                0x0000502e                memb_free
                0x00005068                memb_inmemb
 .text          0x00005092       0x8c contiki-z1.a(timer.o)
                0x00005092                timer_set
                0x000050ae                timer_reset
                0x000050bc                timer_restart
                0x000050d0                timer_expired
                0x000050fa                timer_remaining
 .text          0x0000511e       0xec contiki-z1.a(list.o)
                0x0000511e                list_init
                0x00005124                list_head
                0x00005128                list_copy
                0x0000512e                list_tail
                0x00005140                list_chop
                0x0000515a                list_pop
                0x00005168                list_remove
                0x0000519c                list_push
                0x000051b2                list_add
                0x000051d8                list_length
                0x000051e8                list_insert
                0x000051fe                list_item_next
 .text          0x0000520a      0x258 contiki-z1.a(etimer.o)
                0x0000527a                etimer_request_poll
                0x00005388                etimer_set
                0x0000539a                etimer_reset
                0x000053ac                etimer_restart
                0x000053be                etimer_adjust
                0x000053d8                etimer_expired
                0x000053e6                etimer_expiration_time
                0x000053fa                etimer_start_time
                0x00005402                etimer_pending
                0x0000540e                etimer_next_expiration_time
                0x00005424                etimer_stop
 .text          0x00005462      0x1ce contiki-z1.a(ctimer.o)
                0x00005502                ctimer_init
                0x0000551a                ctimer_set
                0x0000556c                ctimer_reset
                0x000055a2                ctimer_restart
                0x000055d8                ctimer_stop
                0x00005600                ctimer_expired
 .text          0x00005630       0xaa contiki-z1.a(energest.o)
                0x00005630                energest_init
                0x00005654                energest_type_time
                0x00005690                energest_leveldevice_leveltime
                0x00005696                energest_type_set
                0x000056a2                energest_flush
 .text          0x000056da       0x50 contiki-z1.a(rtimer.o)
                0x000056da                rtimer_init
                0x000056e0                rtimer_set
                0x00005704                rtimer_run_next
 .text          0x0000572a        0xc contiki-z1.a(random.o)
                0x0000572a                random_init
                0x00005730                random_rand
 .text          0x00005736       0x94 contiki-z1.a(ringbuf.o)
                0x00005736                ringbuf_init
                0x0000574a                ringbuf_put
                0x00005782                ringbuf_get
                0x000057b0                ringbuf_size
                0x000057b8                ringbuf_elements
 .text          0x000057ca      0x34c contiki-z1.a(nbr-table.o)
                0x000058dc                nbr_table_register
                0x00005902                nbr_table_next
                0x00005946                nbr_table_head
                0x0000597c                nbr_table_add_lladdr
                0x00005a8c                nbr_table_get_from_lladdr
                0x00005ab4                nbr_table_remove
                0x00005ade                nbr_table_lock
                0x00005aee                nbr_table_unlock
                0x00005afe                nbr_table_get_lladdr
 .text          0x00005b16      0x216 contiki-z1.a(packetbuf.o)
                0x00005b16                packetbuf_clear_hdr
                0x00005b1e                packetbuf_copyto_hdr
                0x00005b3a                packetbuf_copyto
                0x00005b80                packetbuf_hdr_remove
                0x00005b86                packetbuf_hdrreduce
                0x00005ba0                packetbuf_set_datalen
                0x00005ba6                packetbuf_dataptr
                0x00005bb4                packetbuf_hdrptr
                0x00005bbe                packetbuf_is_reference
                0x00005bcc                packetbuf_compact
                0x00005c14                packetbuf_reference_ptr
                0x00005c1a                packetbuf_datalen
                0x00005c20                packetbuf_hdrlen
                0x00005c2a                packetbuf_totlen
                0x00005c3a                packetbuf_hdralloc
                0x00005c64                packetbuf_attr_clear
                0x00005c90                packetbuf_clear
                0x00005caa                packetbuf_reference
                0x00005cc0                packetbuf_copyfrom
                0x00005cea                packetbuf_attr_copyto
                0x00005d0a                packetbuf_attr_copyfrom
 .text          0x00005d2c      0x1a6 contiki-z1.a(queuebuf.o)
                0x00005d2c                queuebuf_init
                0x00005d46                queuebuf_new_from_packetbuf
                0x00005dc0                queuebuf_update_attr_from_packetbuf
                0x00005dd2                queuebuf_free
                0x00005e12                queuebuf_to_packetbuf
                0x00005e7c                queuebuf_dataptr
                0x00005eae                queuebuf_datalen
                0x00005eb4                queuebuf_addr
                0x00005ec2                queuebuf_attr
                0x00005ed0                queuebuf_debug_print
 .text          0x00005ed2        0xc contiki-z1.a(contiki-z1-plat)
                0x00005ed2                init_platform
 .text          0x00005ede       0xd2 contiki-z1.a(msp430.o)
                0x00005ede                msp430_init_dco
                0x00005f06                msp430_quick_synch_dco
                0x00005f82                msp430_cpu_init
                0x00005fa8                splhigh_
 .text          0x00005fb0      0x168 contiki-z1.a(leds.o)
                0x000060a8                leds_init
                0x000060b6                leds_get
                0x000060bc                leds_on
                0x000060d0                leds_off
                0x000060e4                leds_invert
                0x000060ee                leds_toggle
                0x000060f4                leds_blink
 .text          0x00006118       0x54 contiki-z1.a(watchdog.o)
                0x00006118                watchdog_start
                0x0000612c                watchdog_periodic
                0x0000613e                watchdog_stop
                0x00006154                watchdog_init
                0x00006166                watchdog_reboot
 .text          0x0000616c      0x30a contiki-z1.a(xmem.o)
                0x000061d8                xmem_init
                0x000061f6                xmem_pread
                0x000062b8                xmem_pwrite
                0x000063cc                xmem_erase
 .text          0x00006476       0x32 contiki-z1.a(spi.o)
                0x00006476                spi_init
 .text          0x000064a8      0x9d0 contiki-z1.a(cc2420.o)
                0x000067a4                cc2420_on
                0x000067c6                cc2420_off
                0x00006986                cc2420_get_channel
                0x0000698c                cc2420_set_channel
                0x00006a04                cc2420_set_pan_addr
                0x00006b24                cc2420_init
                0x00006bee                cc2420_interrupt
                0x00006c0c                cc2420_set_txpower
                0x00006c1a                cc2420_get_txpower
                0x00006de0                cc2420_rssi
                0x00006e3e                cc2420_cca_valid
                0x00006e62                cc2420_set_cca_threshold
 .text          0x00006e78       0x1a contiki-z1.a(cc2420-arch.o)
                0x00006e78                cc2420_arch_init
 .text          0x00006e92       0x96 contiki-z1.a(node-id.o)
                0x00006e92                node_id_restore
                0x00006ede                node_id_burn
 .text          0x00006f28      0x156 contiki-z1.a(sensors.o)
                0x00006fea                sensors_first
                0x00006ff0                sensors_next
                0x00007014                sensors_changed
                0x0000703e                sensors_find
 .text          0x0000707e       0x86 contiki-z1.a(button-sensor.o)
 .text          0x00007104       0x6a contiki-z1.a(uart0.o)
                0x00007104                uart0_active
                0x00007112                uart0_set_input
                0x00007118                uart0_writeb
                0x0000712e                uart0_init
 .text          0x0000716e       0x10 contiki-z1.a(uart0-putchar.o)
                0x0000716e                putchar
 .text          0x0000717e      0x150 contiki-z1.a(tmp102.o)
                0x0000717e                tmp102_init
                0x000071ac                tmp102_write_reg
                0x000071e4                tmp102_read_reg
                0x00007242                tmp102_read_temp_raw
                0x0000724a                tmp102_read_temp_x100
                0x000072a2                tmp102_read_temp_simple
 .text          0x000072ce       0xfa contiki-z1.a(i2cmaster.o)
                0x000072ce                i2c_receiveinit
                0x00007302                i2c_transmitinit
                0x00007330                i2c_receive_n
                0x0000736e                i2c_busy
                0x00007378                i2c_enable
                0x0000739a                i2c_disable
                0x000073b4                i2c_transmit_n
 .text          0x000073c8      0x254 contiki-z1.a(adxl345.o)
                0x000073c8                accm_write_reg
                0x000073f6                accm_write_stream
                0x00007420                accm_read_reg
                0x000074ca                accm_read_stream
                0x0000751c                accm_read_axis
                0x00007542                accm_set_grange
                0x00007566                accm_init
                0x000075f0                accm_set_irq
 .text          0x0000761c       0xda contiki-z1.a(clock.o)
                0x0000761c                clock_time
                0x00007636                clock_set
                0x0000764c                clock_fine_max
                0x00007652                clock_fine
                0x0000765e                clock_init
                0x00007686                clock_delay
                0x00007692                clock_wait
                0x000076b6                clock_set_seconds
                0x000076ce                clock_seconds
                0x000076e8                clock_counter
 .text          0x000076f6       0x74 contiki-z1.a(leds-arch.o)
                0x000076f6                leds_arch_init
                0x00007704                leds_arch_get
                0x00007732                leds_arch_set
 .text          0x0000776a       0x22 contiki-z1.a(rtimer-arch.o)
                0x0000776a                rtimer_arch_init
                0x00007778                rtimer_arch_now
                0x00007786                rtimer_arch_schedule
 .text          0x0000778c       0x14 contiki-z1.a(mac.o)
                0x0000778c                mac_call_sent_callback
 .text          0x000077a0      0x1b2 contiki-z1.a(framer-802154.o)
 .text          0x00007952      0x366 contiki-z1.a(frame802154.o)
                0x000079de                frame802154_hdrlen
                0x00007a0c                frame802154_create
                0x00007b42                frame802154_parse
 .text          0x00007cb8        0x0 /usr/local/msp430/bin/../lib/gcc/msp430/4.7.0/mcpu-430x/mmpy-16/libgcc.a(_mulsi3.o)
 .text.libgcc   0x00007cb8       0x26 /usr/local/msp430/bin/../lib/gcc/msp430/4.7.0/mcpu-430x/mmpy-16/libgcc.a(_mulsi3.o)
                0x00007cb8                __mulsi3
 .text          0x00007cde        0x0 /usr/local/msp430/bin/../lib/gcc/msp430/4.7.0/mcpu-430x/mmpy-16/libgcc.a(_udivmod16.o)
 .text.libgcc   0x00007cde       0x22 /usr/local/msp430/bin/../lib/gcc/msp430/4.7.0/mcpu-430x/mmpy-16/libgcc.a(_udivmod16.o)
                0x00007cde                __udivhi3
                0x00007cde                __ext_udivmod16
                0x00007cf8                __umodhi3
 .text          0x00007d00        0x0 /usr/local/msp430/bin/../lib/gcc/msp430/4.7.0/mcpu-430x/mmpy-16/libgcc.a(_divmod16.o)
 .text.libgcc   0x00007d00       0x3a /usr/local/msp430/bin/../lib/gcc/msp430/4.7.0/mcpu-430x/mmpy-16/libgcc.a(_divmod16.o)
                0x00007d00                __ext_divmod16
                0x00007d00                __divhi3
                0x00007d32                __modhi3
 .text          0x00007d3a        0x0 /usr/local/msp430/bin/../lib/gcc/msp430/4.7.0/mcpu-430x/mmpy-16/libgcc.a(_udivmod32.o)
 .text.libgcc   0x00007d3a       0x38 /usr/local/msp430/bin/../lib/gcc/msp430/4.7.0/mcpu-430x/mmpy-16/libgcc.a(_udivmod32.o)
                0x00007d3a                __udivsi3
                0x00007d3a                __ext_udivmod32
                0x00007d68                __umodsi3
 .text          0x00007d72        0x0 /usr/local/msp430/bin/../lib/gcc/msp430/4.7.0/../../../../msp430/lib/mcpu-430x/mmpy-16/libc.a(malloc.o)
 .text.malloc   0x00007d72       0xbe /usr/local/msp430/bin/../lib/gcc/msp430/4.7.0/../../../../msp430/lib/mcpu-430x/mmpy-16/libc.a(malloc.o)
                0x00007d72                malloc
 .text.free     0x00007e30        0x6 /usr/local/msp430/bin/../lib/gcc/msp430/4.7.0/../../../../msp430/lib/mcpu-430x/mmpy-16/libc.a(malloc.o)
                0x00007e30                free
 .text          0x00007e36        0x0 /usr/local/msp430/bin/../lib/gcc/msp430/4.7.0/../../../../msp430/lib/mcpu-430x/mmpy-16/libc.a(printf.o)
 .text.printf   0x00007e36       0x10 /usr/local/msp430/bin/../lib/gcc/msp430/4.7.0/../../../../msp430/lib/mcpu-430x/mmpy-16/libc.a(printf.o)
                0x00007e36                printf
 .text.vprintf  0x00007e46        0xe /usr/local/msp430/bin/../lib/gcc/msp430/4.7.0/../../../../msp430/lib/mcpu-430x/mmpy-16/libc.a(printf.o)
                0x00007e46                vprintf
 .text          0x00007e54        0x0 /usr/local/msp430/bin/../lib/gcc/msp430/4.7.0/../../../../msp430/lib/mcpu-430x/mmpy-16/libc.a(vuprintf.o)
 .text.print_field
                0x00007e54      0x176 /usr/local/msp430/bin/../lib/gcc/msp430/4.7.0/../../../../msp430/lib/mcpu-430x/mmpy-16/libc.a(vuprintf.o)
 .text.vuprintf
                0x00007fca      0x740 /usr/local/msp430/bin/../lib/gcc/msp430/4.7.0/../../../../msp430/lib/mcpu-430x/mmpy-16/libc.a(vuprintf.o)
                0x00007fca                vuprintf
 .text          0x0000870a        0x0 /usr/local/msp430/bin/../lib/gcc/msp430/4.7.0/../../../../msp430/lib/mcpu-430x/mmpy-16/libc.a(puts.o)
 .text.puts     0x0000870a       0x2c /usr/local/msp430/bin/../lib/gcc/msp430/4.7.0/../../../../msp430/lib/mcpu-430x/mmpy-16/libc.a(puts.o)
                0x0000870a                puts
 .text          0x00008736        0x0 /usr/local/msp430/bin/../lib/gcc/msp430/4.7.0/../../../../msp430/lib/mcpu-430x/mmpy-16/libc.a(rand.o)
 .text.rand_r   0x00008736       0x24 /usr/local/msp430/bin/../lib/gcc/msp430/4.7.0/../../../../msp430/lib/mcpu-430x/mmpy-16/libc.a(rand.o)
                0x00008736                rand_r
 .text.rand     0x0000875a       0x26 /usr/local/msp430/bin/../lib/gcc/msp430/4.7.0/../../../../msp430/lib/mcpu-430x/mmpy-16/libc.a(rand.o)
                0x0000875a                rand
 .text.srand    0x00008780        0xa /usr/local/msp430/bin/../lib/gcc/msp430/4.7.0/../../../../msp430/lib/mcpu-430x/mmpy-16/libc.a(rand.o)
                0x00008780                srand
 .text          0x0000878a        0x0 /usr/local/msp430/bin/../lib/gcc/msp430/4.7.0/../../../../msp430/lib/mcpu-430x/mmpy-16/libc.a(strncmp.o)
 .text.strncmp  0x0000878a       0x2a /usr/local/msp430/bin/../lib/gcc/msp430/4.7.0/../../../../msp430/lib/mcpu-430x/mmpy-16/libc.a(strncmp.o)
                0x0000878a                strncmp
 .text          0x000087b4        0x0 /usr/local/msp430/bin/../lib/gcc/msp430/4.7.0/../../../../msp430/lib/mcpu-430x/mmpy-16/libc.a(memcmp.o)
 .text.memcmp   0x000087b4       0x2c /usr/local/msp430/bin/../lib/gcc/msp430/4.7.0/../../../../msp430/lib/mcpu-430x/mmpy-16/libc.a(memcmp.o)
                0x000087b4                memcmp
 .text          0x000087e0        0x0 /usr/local/msp430/bin/../lib/gcc/msp430/4.7.0/../../../../msp430/lib/mcpu-430x/mmpy-16/libc.a(memcpy.o)
 .text.memcpy   0x000087e0       0xe8 /usr/local/msp430/bin/../lib/gcc/msp430/4.7.0/../../../../msp430/lib/mcpu-430x/mmpy-16/libc.a(memcpy.o)
                0x000087e0                memcpy
 .text          0x000088c8        0x0 /usr/local/msp430/bin/../lib/gcc/msp430/4.7.0/../../../../msp430/lib/mcpu-430x/mmpy-16/libc.a(memset.o)
 .text.memset   0x000088c8       0x5c /usr/local/msp430/bin/../lib/gcc/msp430/4.7.0/../../../../msp430/lib/mcpu-430x/mmpy-16/libc.a(memset.o)
                0x000088c8                memset
 .text          0x00008924        0x0 /usr/local/msp430/bin/../lib/gcc/msp430/4.7.0/mcpu-430x/mmpy-16/libgcc.a(_udivmod64.o)
 .text.libgcc   0x00008924       0xbc /usr/local/msp430/bin/../lib/gcc/msp430/4.7.0/mcpu-430x/mmpy-16/libgcc.a(_udivmod64.o)
                0x00008924                __xabi_udivmod64
                0x00008976                __udivdi3
                0x00008990                __umoddi3
                0x000089b2                __udivmoddi4
 .text          0x000089e0        0x0 /usr/local/msp430/bin/../lib/gcc/msp430/4.7.0/mcpu-430x/mmpy-16/libcrt0.a(_reset_vector__.o)
 .text          0x000089e0        0x0 /usr/local/msp430/bin/../lib/gcc/msp430/4.7.0/mcpu-430x/mmpy-16/libcrt0.a(__watchdog_support.o)
 .text          0x000089e0        0x0 /usr/local/msp430/bin/../lib/gcc/msp430/4.7.0/mcpu-430x/mmpy-16/libcrt0.a(__init_stack.o)
 .text          0x000089e0        0x0 /usr/local/msp430/bin/../lib/gcc/msp430/4.7.0/mcpu-430x/mmpy-16/libcrt0.a(__low_level_init.o)
 .text          0x000089e0        0x0 /usr/local/msp430/bin/../lib/gcc/msp430/4.7.0/mcpu-430x/mmpy-16/libcrt0.a(_copy_data.o)
 .text          0x000089e0        0x0 /usr/local/msp430/bin/../lib/gcc/msp430/4.7.0/mcpu-430x/mmpy-16/libcrt0.a(_clear_bss.o)
 .text          0x000089e0        0x0 /usr/local/msp430/bin/../lib/gcc/msp430/4.7.0/mcpu-430x/mmpy-16/libcrt0.a(__stop_progExec__.o)
 .text          0x000089e0        0x0 /usr/local/msp430/bin/../lib/gcc/msp430/4.7.0/mcpu-430x/mmpy-16/libcrt0.a(_endless_loop__.o)
 .text          0x000089e0        0x0 /usr/local/msp430/bin/../lib/gcc/msp430/4.7.0/mcpu-430x/mmpy-16/libcrt0.a(_unexpected_.o)
 .text.crt0     0x000089e0        0x2 /usr/local/msp430/bin/../lib/gcc/msp430/4.7.0/mcpu-430x/mmpy-16/libcrt0.a(_unexpected_.o)
                0x000089e0                _unexpected_
 *(.near.text .near.text.*)
 .near.text     0x000089e2        0x6 contiki-z1.a(watchdog.o)
                0x000089e2                __isr_26
                0x000089e2                watchdog_interrupt
 .near.text     0x000089e8       0x76 contiki-z1.a(button-sensor.o)
                0x000089e8                irq_p2
                0x000089e8                __isr_19
 .near.text     0x00008a5e       0x64 contiki-z1.a(uart0.o)
                0x00008a5e                __isr_23
                0x00008a5e                uart0_rx_interrupt
 .near.text     0x00008ac2       0x98 contiki-z1.a(i2cmaster.o)
                0x00008ac2                __isr_16
                0x00008ac2                i2c_tx_interrupt
                0x00008b46                i2c_rx_interrupt
                0x00008b46                __isr_17
 .near.text     0x00008b5a       0xbe contiki-z1.a(adxl345.o)
                0x00008b5a                port1_isr
                0x00008b5a                __isr_18
 .near.text     0x00008c18       0xea contiki-z1.a(clock.o)
                0x00008c18                __isr_24
                0x00008c18                timera1
 .near.text     0x00008d02       0x5c contiki-z1.a(rtimer-arch.o)
                0x00008d02                __isr_25
                0x00008d02                timera0

.rodata         0x00008d5e      0x21b
                0x00008d5e                . = ALIGN (0x2)
 *(.rodata .rodata.* .gnu.linkonce.r.*)
 .rodata        0x00008d5e       0x38 blockchain.co
                0x00008d86                autostart_processes
 .rodata        0x00008d96       0xd4 obj_z1/contiki-z1-main.o
 .rodata        0x00008e6a        0x2 contiki-z1.a(rimeaddr.o)
                0x00008e6a                rimeaddr_null
 .rodata        0x00008e6c        0xc contiki-z1.a(rime.o)
                0x00008e72                rime_driver
 .rodata        0x00008e78        0x4 contiki-z1.a(broadcast-annou)
 .rodata        0x00008e7c        0x8 contiki-z1.a(broadcast.o)
 .rodata        0x00008e84        0x2 contiki-z1.a(abc.o)
 .rodata        0x00008e86       0x10 contiki-z1.a(chameleon-bitop)
                0x00008e86                chameleon_bitopt
 .rodata        0x00008e96       0x14 contiki-z1.a(csma.o)
                0x00008e9c                csma_driver
 .rodata        0x00008eaa       0x1c contiki-z1.a(contikimac.o)
                0x00008eb6                contikimac_driver
 .rodata        0x00008ec6        0xe contiki-z1.a(serial-line.o)
 .rodata        0x00008ed4        0xc contiki-z1.a(etimer.o)
 .rodata        0x00008ee0        0xf contiki-z1.a(ctimer.o)
 .rodata        0x00008eef       0x2c contiki-z1.a(xmem.o)
 *fill*         0x00008f1b        0x1 00
 .rodata        0x00008f1c       0x22 contiki-z1.a(cc2420.o)
                0x00008f1c                cc2420_driver
 .rodata        0x00008f3e        0x8 contiki-z1.a(sensors.o)
 .rodata        0x00008f46       0x10 contiki-z1.a(button-sensor.o)
                0x00008f4e                button_sensor
 .rodata        0x00008f56       0x16 contiki-z1.a(adxl345.o)
 .rodata        0x00008f6c        0x4 contiki-z1.a(framer-802154.o)
                0x00008f6c                framer_802154
 .rodata        0x00008f70        0x2 contiki-z1.a(frame802154.o)
 .rodata.vuprintf
                0x00008f72        0x7 /usr/local/msp430/bin/../lib/gcc/msp430/4.7.0/../../../../msp430/lib/mcpu-430x/mmpy-16/libc.a(vuprintf.o)
 *(.near.rodata .near.rodata.*)
                0x00008f7a                . = ALIGN (0x2)
                0x00008f7a                _etext = .

.data           0x00001100       0xb2 load address 0x00008f7a
                0x00001100                . = ALIGN (0x2)
                0x00001100                __data_start = .
 *(.data .data.* .gnu.linkonce.d.*)
 .data          0x00001100        0x0 /usr/local/msp430/bin/../lib/gcc/msp430/4.7.0/mcpu-430x/mmpy-16/crt0ivtbl32.o
 .data          0x00001100        0xe blockchain.co
                0x00001100                blockchain
 .data          0x0000110e        0x4 obj_z1/contiki-z1-main.o
                0x0000110e                sensors
 .data          0x00001112        0x0 contiki-z1.a(rimeaddr.o)
 .data          0x00001112        0x0 contiki-z1.a(rime.o)
 .data          0x00001112        0x0 contiki-z1.a(announcement.o)
 .data          0x00001112        0x0 contiki-z1.a(broadcast-annou)
 .data          0x00001112        0x0 contiki-z1.a(broadcast.o)
 .data          0x00001112        0x0 contiki-z1.a(abc.o)
 .data          0x00001112        0x0 contiki-z1.a(chameleon.o)
 .data          0x00001112        0x0 contiki-z1.a(channel.o)
 .data          0x00001112        0x0 contiki-z1.a(chameleon-bitop)
 .data          0x00001112       0x18 contiki-z1.a(csma.o)
 .data          0x0000112a        0x0 contiki-z1.a(contikimac.o)
 .data          0x0000112a       0x10 contiki-z1.a(phase.o)
 .data          0x0000113a        0x0 contiki-z1.a(process.o)
 .data          0x0000113a        0x0 contiki-z1.a(autostart.o)
 .data          0x0000113a        0x0 contiki-z1.a(compower.o)
 .data          0x0000113a        0xa contiki-z1.a(serial-line.o)
                0x0000113a                serial_line_process
 .data          0x00001144        0x0 contiki-z1.a(memb.o)
 .data          0x00001144        0x0 contiki-z1.a(timer.o)
 .data          0x00001144        0x0 contiki-z1.a(list.o)
 .data          0x00001144        0xa contiki-z1.a(etimer.o)
                0x00001144                etimer_process
 .data          0x0000114e        0xa contiki-z1.a(ctimer.o)
                0x0000114e                ctimer_process
 .data          0x00001158        0x0 contiki-z1.a(energest.o)
 .data          0x00001158        0x0 contiki-z1.a(rtimer.o)
 .data          0x00001158        0x0 contiki-z1.a(random.o)
 .data          0x00001158        0x0 contiki-z1.a(ringbuf.o)
 .data          0x00001158        0x8 contiki-z1.a(nbr-table.o)
 .data          0x00001160        0x0 contiki-z1.a(packetbuf.o)
 .data          0x00001160       0x18 contiki-z1.a(queuebuf.o)
 .data          0x00001178        0x0 contiki-z1.a(contiki-z1-plat)
 .data          0x00001178        0x2 contiki-z1.a(msp430.o)
 .data          0x0000117a        0x0 contiki-z1.a(leds.o)
 .data          0x0000117a        0x0 contiki-z1.a(watchdog.o)
 .data          0x0000117a        0x0 contiki-z1.a(xmem.o)
 .data          0x0000117a        0x0 contiki-z1.a(spi.o)
 .data          0x0000117a        0xa contiki-z1.a(cc2420.o)
                0x0000117a                cc2420_process
 .data          0x00001184        0x0 contiki-z1.a(cc2420-arch.o)
 .data          0x00001184        0x0 contiki-z1.a(node-id.o)
 .data          0x00001184        0xa contiki-z1.a(sensors.o)
                0x00001184                sensors_process
 .data          0x0000118e        0x0 contiki-z1.a(button-sensor.o)
 .data          0x0000118e        0x0 contiki-z1.a(uart0.o)
 .data          0x0000118e        0x0 contiki-z1.a(uart0-putchar.o)
 .data          0x0000118e        0x0 contiki-z1.a(tmp102.o)
 .data          0x0000118e        0x0 contiki-z1.a(i2cmaster.o)
 .data          0x0000118e       0x20 contiki-z1.a(adxl345.o)
                0x0000118e                accmeter_process
 .data          0x000011ae        0x0 contiki-z1.a(clock.o)
 .data          0x000011ae        0x0 contiki-z1.a(leds-arch.o)
 .data          0x000011ae        0x0 contiki-z1.a(rtimer-arch.o)
 .data          0x000011ae        0x0 contiki-z1.a(mac.o)
 .data          0x000011ae        0x0 contiki-z1.a(framer-802154.o)
 .data          0x000011ae        0x0 contiki-z1.a(frame802154.o)
 .data          0x000011ae        0x0 /usr/local/msp430/bin/../lib/gcc/msp430/4.7.0/mcpu-430x/mmpy-16/libgcc.a(_mulsi3.o)
 .data          0x000011ae        0x0 /usr/local/msp430/bin/../lib/gcc/msp430/4.7.0/mcpu-430x/mmpy-16/libgcc.a(_udivmod16.o)
 .data          0x000011ae        0x0 /usr/local/msp430/bin/../lib/gcc/msp430/4.7.0/mcpu-430x/mmpy-16/libgcc.a(_divmod16.o)
 .data          0x000011ae        0x0 /usr/local/msp430/bin/../lib/gcc/msp430/4.7.0/mcpu-430x/mmpy-16/libgcc.a(_udivmod32.o)
 .data          0x000011ae        0x0 /usr/local/msp430/bin/../lib/gcc/msp430/4.7.0/../../../../msp430/lib/mcpu-430x/mmpy-16/libc.a(malloc.o)
 .data          0x000011ae        0x0 /usr/local/msp430/bin/../lib/gcc/msp430/4.7.0/../../../../msp430/lib/mcpu-430x/mmpy-16/libc.a(printf.o)
 .data          0x000011ae        0x0 /usr/local/msp430/bin/../lib/gcc/msp430/4.7.0/../../../../msp430/lib/mcpu-430x/mmpy-16/libc.a(vuprintf.o)
 .data          0x000011ae        0x0 /usr/local/msp430/bin/../lib/gcc/msp430/4.7.0/../../../../msp430/lib/mcpu-430x/mmpy-16/libc.a(puts.o)
 .data          0x000011ae        0x0 /usr/local/msp430/bin/../lib/gcc/msp430/4.7.0/../../../../msp430/lib/mcpu-430x/mmpy-16/libc.a(rand.o)
 .data.next     0x000011ae        0x4 /usr/local/msp430/bin/../lib/gcc/msp430/4.7.0/../../../../msp430/lib/mcpu-430x/mmpy-16/libc.a(rand.o)
 .data          0x000011b2        0x0 /usr/local/msp430/bin/../lib/gcc/msp430/4.7.0/../../../../msp430/lib/mcpu-430x/mmpy-16/libc.a(strncmp.o)
 .data          0x000011b2        0x0 /usr/local/msp430/bin/../lib/gcc/msp430/4.7.0/../../../../msp430/lib/mcpu-430x/mmpy-16/libc.a(memcmp.o)
 .data          0x000011b2        0x0 /usr/local/msp430/bin/../lib/gcc/msp430/4.7.0/../../../../msp430/lib/mcpu-430x/mmpy-16/libc.a(memcpy.o)
 .data          0x000011b2        0x0 /usr/local/msp430/bin/../lib/gcc/msp430/4.7.0/../../../../msp430/lib/mcpu-430x/mmpy-16/libc.a(memset.o)
 .data          0x000011b2        0x0 /usr/local/msp430/bin/../lib/gcc/msp430/4.7.0/mcpu-430x/mmpy-16/libgcc.a(_udivmod64.o)
 .data          0x000011b2        0x0 /usr/local/msp430/bin/../lib/gcc/msp430/4.7.0/mcpu-430x/mmpy-16/libcrt0.a(_reset_vector__.o)
 .data          0x000011b2        0x0 /usr/local/msp430/bin/../lib/gcc/msp430/4.7.0/mcpu-430x/mmpy-16/libcrt0.a(__watchdog_support.o)
 .data          0x000011b2        0x0 /usr/local/msp430/bin/../lib/gcc/msp430/4.7.0/mcpu-430x/mmpy-16/libcrt0.a(__init_stack.o)
 .data          0x000011b2        0x0 /usr/local/msp430/bin/../lib/gcc/msp430/4.7.0/mcpu-430x/mmpy-16/libcrt0.a(__low_level_init.o)
 .data          0x000011b2        0x0 /usr/local/msp430/bin/../lib/gcc/msp430/4.7.0/mcpu-430x/mmpy-16/libcrt0.a(_copy_data.o)
 .data          0x000011b2        0x0 /usr/local/msp430/bin/../lib/gcc/msp430/4.7.0/mcpu-430x/mmpy-16/libcrt0.a(_clear_bss.o)
 .data          0x000011b2        0x0 /usr/local/msp430/bin/../lib/gcc/msp430/4.7.0/mcpu-430x/mmpy-16/libcrt0.a(__stop_progExec__.o)
 .data          0x000011b2        0x0 /usr/local/msp430/bin/../lib/gcc/msp430/4.7.0/mcpu-430x/mmpy-16/libcrt0.a(_endless_loop__.o)
 .data          0x000011b2        0x0 /usr/local/msp430/bin/../lib/gcc/msp430/4.7.0/mcpu-430x/mmpy-16/libcrt0.a(_unexpected_.o)
 *(.near.data .near.data.*)
                0x000011b2                . = ALIGN (0x2)
                0x000011b2                _edata = .
                0x00008f7a                __data_load_start = LOADADDR (.data)
                0x000000b2                __data_size = SIZEOF (.data)

.bss            0x000011b2      0xcd0 load address 0x0000902c
                0x000011b2                __bss_start = .
 *(.bss .bss.*)
 .bss           0x000011b2        0x0 /usr/local/msp430/bin/../lib/gcc/msp430/4.7.0/mcpu-430x/mmpy-16/crt0ivtbl32.o
 .bss           0x000011b2       0x28 blockchain.co
                0x000011b2                ctr
                0x000011b4                init
                0x000011b5                genblk
 .bss           0x000011da        0x4 obj_z1/contiki-z1-main.o
 .bss           0x000011de        0x0 contiki-z1.a(rimeaddr.o)
 .bss           0x000011de        0x2 contiki-z1.a(rime.o)
 .bss           0x000011e0        0x6 contiki-z1.a(announcement.o)
 .bss           0x000011e6       0x46 contiki-z1.a(broadcast-annou)
 .bss           0x0000122c        0x0 contiki-z1.a(broadcast.o)
 .bss           0x0000122c        0x0 contiki-z1.a(abc.o)
 .bss           0x0000122c        0x0 contiki-z1.a(chameleon.o)
 .bss           0x0000122c        0x2 contiki-z1.a(channel.o)
 .bss           0x0000122e        0x0 contiki-z1.a(chameleon-bitop)
 .bss           0x0000122e       0xb6 contiki-z1.a(csma.o)
 .bss           0x000012e4       0x74 contiki-z1.a(contikimac.o)
 .bss           0x00001358      0x148 contiki-z1.a(phase.o)
 .bss           0x000014a0       0x42 contiki-z1.a(process.o)
                0x000014a0                process_current
                0x000014a2                process_list
 .bss           0x000014e2        0x0 contiki-z1.a(autostart.o)
 .bss           0x000014e2        0x8 contiki-z1.a(compower.o)
 .bss           0x000014ea      0x10a contiki-z1.a(serial-line.o)
 .bss           0x000015f4        0x0 contiki-z1.a(memb.o)
 .bss           0x000015f4        0x0 contiki-z1.a(timer.o)
 .bss           0x000015f4        0x0 contiki-z1.a(list.o)
 .bss           0x000015f4        0x6 contiki-z1.a(etimer.o)
 .bss           0x000015fa        0x4 contiki-z1.a(ctimer.o)
 .bss           0x000015fe        0x0 contiki-z1.a(energest.o)
 .bss           0x000015fe        0x2 contiki-z1.a(rtimer.o)
 .bss           0x00001600        0x0 contiki-z1.a(random.o)
 .bss           0x00001600        0x0 contiki-z1.a(ringbuf.o)
 .bss           0x00001600       0x4c contiki-z1.a(nbr-table.o)
 .bss           0x0000164c       0xba contiki-z1.a(packetbuf.o)
 .bss           0x00001706      0x65e contiki-z1.a(queuebuf.o)
 .bss           0x00001d64        0x0 contiki-z1.a(contiki-z1-plat)
 .bss           0x00001d64        0x0 contiki-z1.a(msp430.o)
 .bss           0x00001d64        0x2 contiki-z1.a(leds.o)
 .bss           0x00001d66        0x2 contiki-z1.a(watchdog.o)
 .bss           0x00001d68        0x0 contiki-z1.a(xmem.o)
 .bss           0x00001d68        0x1 contiki-z1.a(spi.o)
                0x00001d68                spi_busy
 *fill*         0x00001d69        0x1 00
 .bss           0x00001d6a        0xa contiki-z1.a(cc2420.o)
 .bss           0x00001d74        0x0 contiki-z1.a(cc2420-arch.o)
 .bss           0x00001d74        0x2 contiki-z1.a(node-id.o)
                0x00001d74                node_id
 .bss           0x00001d76        0x6 contiki-z1.a(sensors.o)
 .bss           0x00001d7c        0x8 contiki-z1.a(button-sensor.o)
 .bss           0x00001d84        0x4 contiki-z1.a(uart0.o)
 .bss           0x00001d88        0x0 contiki-z1.a(uart0-putchar.o)
 .bss           0x00001d88        0x2 contiki-z1.a(tmp102.o)
 .bss           0x00001d8a        0x2 contiki-z1.a(i2cmaster.o)
 .bss           0x00001d8c       0x16 contiki-z1.a(adxl345.o)
 .bss           0x00001da2        0xa contiki-z1.a(clock.o)
 .bss           0x00001dac        0x0 contiki-z1.a(leds-arch.o)
 .bss           0x00001dac        0x0 contiki-z1.a(rtimer-arch.o)
 .bss           0x00001dac        0x0 contiki-z1.a(mac.o)
 .bss           0x00001dac        0x2 contiki-z1.a(framer-802154.o)
 .bss           0x00001dae        0x0 contiki-z1.a(frame802154.o)
 .bss           0x00001dae        0x0 /usr/local/msp430/bin/../lib/gcc/msp430/4.7.0/mcpu-430x/mmpy-16/libgcc.a(_mulsi3.o)
 .bss           0x00001dae        0x0 /usr/local/msp430/bin/../lib/gcc/msp430/4.7.0/mcpu-430x/mmpy-16/libgcc.a(_udivmod16.o)
 .bss           0x00001dae        0x0 /usr/local/msp430/bin/../lib/gcc/msp430/4.7.0/mcpu-430x/mmpy-16/libgcc.a(_divmod16.o)
 .bss           0x00001dae        0x0 /usr/local/msp430/bin/../lib/gcc/msp430/4.7.0/mcpu-430x/mmpy-16/libgcc.a(_udivmod32.o)
 .bss           0x00001dae        0x0 /usr/local/msp430/bin/../lib/gcc/msp430/4.7.0/../../../../msp430/lib/mcpu-430x/mmpy-16/libc.a(malloc.o)
 .bss.once.1522
                0x00001dae        0x1 /usr/local/msp430/bin/../lib/gcc/msp430/4.7.0/../../../../msp430/lib/mcpu-430x/mmpy-16/libc.a(malloc.o)
 .bss           0x00001daf        0x0 /usr/local/msp430/bin/../lib/gcc/msp430/4.7.0/../../../../msp430/lib/mcpu-430x/mmpy-16/libc.a(printf.o)
 .bss           0x00001daf        0x0 /usr/local/msp430/bin/../lib/gcc/msp430/4.7.0/../../../../msp430/lib/mcpu-430x/mmpy-16/libc.a(vuprintf.o)
 .bss           0x00001daf        0x0 /usr/local/msp430/bin/../lib/gcc/msp430/4.7.0/../../../../msp430/lib/mcpu-430x/mmpy-16/libc.a(puts.o)
 .bss           0x00001daf        0x0 /usr/local/msp430/bin/../lib/gcc/msp430/4.7.0/../../../../msp430/lib/mcpu-430x/mmpy-16/libc.a(rand.o)
 .bss           0x00001daf        0x0 /usr/local/msp430/bin/../lib/gcc/msp430/4.7.0/../../../../msp430/lib/mcpu-430x/mmpy-16/libc.a(strncmp.o)
 .bss           0x00001daf        0x0 /usr/local/msp430/bin/../lib/gcc/msp430/4.7.0/../../../../msp430/lib/mcpu-430x/mmpy-16/libc.a(memcmp.o)
 .bss           0x00001daf        0x0 /usr/local/msp430/bin/../lib/gcc/msp430/4.7.0/../../../../msp430/lib/mcpu-430x/mmpy-16/libc.a(memcpy.o)
 .bss           0x00001daf        0x0 /usr/local/msp430/bin/../lib/gcc/msp430/4.7.0/../../../../msp430/lib/mcpu-430x/mmpy-16/libc.a(memset.o)
 .bss           0x00001daf        0x0 /usr/local/msp430/bin/../lib/gcc/msp430/4.7.0/mcpu-430x/mmpy-16/libgcc.a(_udivmod64.o)
 .bss           0x00001daf        0x0 /usr/local/msp430/bin/../lib/gcc/msp430/4.7.0/mcpu-430x/mmpy-16/libcrt0.a(_reset_vector__.o)
 .bss           0x00001daf        0x0 /usr/local/msp430/bin/../lib/gcc/msp430/4.7.0/mcpu-430x/mmpy-16/libcrt0.a(__watchdog_support.o)
 .bss           0x00001daf        0x0 /usr/local/msp430/bin/../lib/gcc/msp430/4.7.0/mcpu-430x/mmpy-16/libcrt0.a(__init_stack.o)
 .bss           0x00001daf        0x0 /usr/local/msp430/bin/../lib/gcc/msp430/4.7.0/mcpu-430x/mmpy-16/libcrt0.a(__low_level_init.o)
 .bss           0x00001daf        0x0 /usr/local/msp430/bin/../lib/gcc/msp430/4.7.0/mcpu-430x/mmpy-16/libcrt0.a(_copy_data.o)
 .bss           0x00001daf        0x0 /usr/local/msp430/bin/../lib/gcc/msp430/4.7.0/mcpu-430x/mmpy-16/libcrt0.a(_clear_bss.o)
 .bss           0x00001daf        0x0 /usr/local/msp430/bin/../lib/gcc/msp430/4.7.0/mcpu-430x/mmpy-16/libcrt0.a(__stop_progExec__.o)
 .bss           0x00001daf        0x0 /usr/local/msp430/bin/../lib/gcc/msp430/4.7.0/mcpu-430x/mmpy-16/libcrt0.a(_endless_loop__.o)
 .bss           0x00001daf        0x0 /usr/local/msp430/bin/../lib/gcc/msp430/4.7.0/mcpu-430x/mmpy-16/libcrt0.a(_unexpected_.o)
 *(.near.bss .near.bss.*)
 *(COMMON)
 COMMON         0x00001daf        0x2 obj_z1/contiki-z1-main.o
                0x00001daf                sensors_flags
 *fill*         0x00001db1        0x1 00
 COMMON         0x00001db2        0x2 contiki-z1.a(rimeaddr.o)
                0x00001db2                rimeaddr_node_addr
 COMMON         0x00001db4        0x1 contiki-z1.a(process.o)
                0x00001db4                process_maxevents
 *fill*         0x00001db5        0x1 00
 COMMON         0x00001db6        0x8 contiki-z1.a(compower.o)
                0x00001db6                compower_idle_activity
 COMMON         0x00001dbe        0x1 contiki-z1.a(serial-line.o)
                0x00001dbe                serial_line_event_message
 *fill*         0x00001dbf        0x1 00
 COMMON         0x00001dc0       0x56 contiki-z1.a(energest.o)
                0x00001dc0                energest_total_time
                0x00001df0                energest_total_count
                0x00001df2                energest_current_mode
                0x00001dfe                energest_current_time
 COMMON         0x00001e16       0x38 contiki-z1.a(packetbuf.o)
                0x00001e16                packetbuf_addrs
                0x00001e1e                packetbuf_attrs
 COMMON         0x00001e4e       0x14 contiki-z1.a(cc2420.o)
                0x00001e4e                cc2420_last_rssi
                0x00001e50                cc2420_packets_read
                0x00001e52                cc2420_packets_seen
                0x00001e54                cc2420_sfd_start_time
                0x00001e56                cc2420_time_of_departure
                0x00001e58                cc2420_time_of_arrival
                0x00001e5a                cc2420_last_correlation
                0x00001e5c                cc2420_authority_level_of_sender
                0x00001e5e                cc2420_sfd_counter
                0x00001e60                cc2420_sfd_end_time
 COMMON         0x00001e62        0x8 contiki-z1.a(node-id.o)
                0x00001e62                node_mac
 COMMON         0x00001e6a        0x1 contiki-z1.a(sensors.o)
                0x00001e6a                sensors_event
 *fill*         0x00001e6b        0x1 00
 COMMON         0x00001e6c        0xe contiki-z1.a(i2cmaster.o)
                0x00001e6c                transmit_data1
                0x00001e6d                rx_byte_ctr
                0x00001e6e                tx_buf_ptr
                0x00001e70                tx_byte_ctr
                0x00001e72                i
                0x00001e74                receive_data
                0x00001e75                rx_buf
                0x00001e77                transmit_data2
                0x00001e78                rx_buf_ptr
 COMMON         0x00001e7a        0x7 contiki-z1.a(adxl345.o)
                0x00001e7a                accm_int2_cb
                0x00001e7c                int2_event
                0x00001e7e                accm_int1_cb
                0x00001e80                int1_event
                0x00001e82                . = ALIGN (0x2)
 *fill*         0x00001e81        0x1 00
                0x00001e82                __bss_end = .
                0x00000cd0                __bss_size = SIZEOF (.bss)

.noinit         0x00001e82        0x2 load address 0x0000902c
                0x00001e82                . = ALIGN (0x2)
                0x00001e82                __noinit_start = .
 *(.noinit .noinit.*)
 .noinit.crt0   0x00001e82        0x2 /usr/local/msp430/bin/../lib/gcc/msp430/4.7.0/mcpu-430x/mmpy-16/libcrt0.a(__watchdog_support.o)
                0x00001e82                __wdt_clear_value
                0x00001e84                . = ALIGN (0x2)
                0x00001e84                __noinit_end = .
                0x00001e84                . = ALIGN (0x2)
                0x00001e84                _end = .

.infomem        0x00001000        0x0
                0x00001000                . = ALIGN (0x2)
 *(.infomem .infomem.*)

.infomemnobits  0x00001000        0x0
                0x00001000                . = ALIGN (0x2)
 *(.infomemnobits .infomemnobits.*)

.infoa          0x000010c0        0x0
                0x000010c0                . = ALIGN (0x2)
 *(.infoa .infoa.*)

.infob          0x00001080        0x0
                0x00001080                . = ALIGN (0x2)
 *(.infob .infob.*)

.infoc          0x00001040        0x0
                0x00001040                . = ALIGN (0x2)
 *(.infoc .infoc.*)

.infod          0x00001000        0x0
                0x00001000                . = ALIGN (0x2)
 *(.infod .infod.*)

.vectors        0x0000ffc0       0x40
                0x0000ffc0                __vectors_start = .
 *(.vectors*)
 .vectors       0x0000ffc0       0x40 /usr/local/msp430/bin/../lib/gcc/msp430/4.7.0/mcpu-430x/mmpy-16/crt0ivtbl32.o
                0x0000ffc0                __ivtbl_32
                0x00010000                _vectors_end = .

.fartext        0x00010000        0x0
                0x00010000                . = ALIGN (0x2)
 *(.fartext .fartext.*)

.far.text       0x00010000        0x0
                0x00010000                . = ALIGN (0x2)
 *(.far.text .far.text.*)

.far.rodata     0x00010000        0x0
                0x00010000                . = ALIGN (0x2)
 *(.far.rodata .far.rodata.*)
                0x00010000                . = ALIGN (0x2)
                0x00010000                _efartext = .

.far.data       0x00000000        0x0 load address 0x00010000
                0x00000000                . = ALIGN (0x2)
                0x00000000                __far_data_start = .
 *(.far.data .far.data.*)
                0x00000000                . = ALIGN (0x2)
                0x00000000                _efardata = .
                0x00010000                __far_data_load_start = LOADADDR (.far.data)
                0x00000000                __far_data_size = SIZEOF (.far.data)

.far.bss        0x00000000        0x0 load address 0x00010000
                0x00000000                . = ALIGN (0x2)
                0x00000000                __far_bss_start = .
 *(.far.bss .far.bss.*)
                0x00000000                . = ALIGN (0x2)
                0x00000000                __far_bss_end = .
                0x00000000                __far_bss_size = SIZEOF (.far.bss)
                0x00000000                . = ALIGN (0x2)
                0x00000000                _far_end = .

.profiler
 *(.profiler)

.stab
 *(.stab)

.stabstr
 *(.stabstr)

.stab.excl
 *(.stab.excl)

.stab.exclstr
 *(.stab.exclstr)

.stab.index
 *(.stab.index)

.stab.indexstr
 *(.stab.indexstr)

.comment        0x00000000       0x30
 *(.comment)
 .comment       0x00000000       0x30 blockchain.co
                                 0x31 (size before relaxing)
 .comment       0x00000000       0x31 obj_z1/contiki-z1-main.o
 .comment       0x00000000       0x31 contiki-z1.a(rimeaddr.o)
 .comment       0x00000000       0x31 contiki-z1.a(rime.o)
 .comment       0x00000000       0x31 contiki-z1.a(announcement.o)
 .comment       0x00000000       0x31 contiki-z1.a(broadcast-annou)
 .comment       0x00000000       0x31 contiki-z1.a(broadcast.o)
 .comment       0x00000000       0x31 contiki-z1.a(abc.o)
 .comment       0x00000000       0x31 contiki-z1.a(chameleon.o)
 .comment       0x00000000       0x31 contiki-z1.a(channel.o)
 .comment       0x00000000       0x31 contiki-z1.a(chameleon-bitop)
 .comment       0x00000000       0x31 contiki-z1.a(csma.o)
 .comment       0x00000000       0x31 contiki-z1.a(contikimac.o)
 .comment       0x00000000       0x31 contiki-z1.a(phase.o)
 .comment       0x00000000       0x31 contiki-z1.a(process.o)
 .comment       0x00000000       0x31 contiki-z1.a(autostart.o)
 .comment       0x00000000       0x31 contiki-z1.a(compower.o)
 .comment       0x00000000       0x31 contiki-z1.a(serial-line.o)
 .comment       0x00000000       0x31 contiki-z1.a(memb.o)
 .comment       0x00000000       0x31 contiki-z1.a(timer.o)
 .comment       0x00000000       0x31 contiki-z1.a(list.o)
 .comment       0x00000000       0x31 contiki-z1.a(etimer.o)
 .comment       0x00000000       0x31 contiki-z1.a(ctimer.o)
 .comment       0x00000000       0x31 contiki-z1.a(energest.o)
 .comment       0x00000000       0x31 contiki-z1.a(rtimer.o)
 .comment       0x00000000       0x31 contiki-z1.a(random.o)
 .comment       0x00000000       0x31 contiki-z1.a(ringbuf.o)
 .comment       0x00000000       0x31 contiki-z1.a(nbr-table.o)
 .comment       0x00000000       0x31 contiki-z1.a(packetbuf.o)
 .comment       0x00000000       0x31 contiki-z1.a(queuebuf.o)
 .comment       0x00000000       0x31 contiki-z1.a(contiki-z1-plat)
 .comment       0x00000000       0x31 contiki-z1.a(msp430.o)
 .comment       0x00000000       0x31 contiki-z1.a(leds.o)
 .comment       0x00000000       0x31 contiki-z1.a(watchdog.o)
 .comment       0x00000000       0x31 contiki-z1.a(xmem.o)
 .comment       0x00000000       0x31 contiki-z1.a(spi.o)
 .comment       0x00000000       0x31 contiki-z1.a(cc2420.o)
 .comment       0x00000000       0x31 contiki-z1.a(cc2420-arch.o)
 .comment       0x00000000       0x31 contiki-z1.a(node-id.o)
 .comment       0x00000000       0x31 contiki-z1.a(sensors.o)
 .comment       0x00000000       0x31 contiki-z1.a(button-sensor.o)
 .comment       0x00000000       0x31 contiki-z1.a(uart0.o)
 .comment       0x00000000       0x31 contiki-z1.a(uart0-putchar.o)
 .comment       0x00000000       0x31 contiki-z1.a(tmp102.o)
 .comment       0x00000000       0x31 contiki-z1.a(i2cmaster.o)
 .comment       0x00000000       0x31 contiki-z1.a(adxl345.o)
 .comment       0x00000000       0x31 contiki-z1.a(clock.o)
 .comment       0x00000000       0x31 contiki-z1.a(leds-arch.o)
 .comment       0x00000000       0x31 contiki-z1.a(rtimer-arch.o)
 .comment       0x00000000       0x31 contiki-z1.a(mac.o)
 .comment       0x00000000       0x31 contiki-z1.a(framer-802154.o)
 .comment       0x00000000       0x31 contiki-z1.a(frame802154.o)
 .comment       0x00000000       0x31 /usr/local/msp430/bin/../lib/gcc/msp430/4.7.0/../../../../msp430/lib/mcpu-430x/mmpy-16/libc.a(malloc.o)
 .comment       0x00000000       0x31 /usr/local/msp430/bin/../lib/gcc/msp430/4.7.0/../../../../msp430/lib/mcpu-430x/mmpy-16/libc.a(printf.o)
 .comment       0x00000000       0x31 /usr/local/msp430/bin/../lib/gcc/msp430/4.7.0/../../../../msp430/lib/mcpu-430x/mmpy-16/libc.a(vuprintf.o)
 .comment       0x00000000       0x31 /usr/local/msp430/bin/../lib/gcc/msp430/4.7.0/../../../../msp430/lib/mcpu-430x/mmpy-16/libc.a(puts.o)
 .comment       0x00000000       0x31 /usr/local/msp430/bin/../lib/gcc/msp430/4.7.0/../../../../msp430/lib/mcpu-430x/mmpy-16/libc.a(rand.o)
 .comment       0x00000000       0x31 /usr/local/msp430/bin/../lib/gcc/msp430/4.7.0/../../../../msp430/lib/mcpu-430x/mmpy-16/libc.a(strncmp.o)
 .comment       0x00000000       0x31 /usr/local/msp430/bin/../lib/gcc/msp430/4.7.0/../../../../msp430/lib/mcpu-430x/mmpy-16/libc.a(memcmp.o)
 .comment       0x00000000       0x31 /usr/local/msp430/bin/../lib/gcc/msp430/4.7.0/../../../../msp430/lib/mcpu-430x/mmpy-16/libc.a(memcpy.o)
 .comment       0x00000000       0x31 /usr/local/msp430/bin/../lib/gcc/msp430/4.7.0/../../../../msp430/lib/mcpu-430x/mmpy-16/libc.a(memset.o)

.debug
 *(.debug)

.line
 *(.line)

.debug_srcinfo
 *(.debug_srcinfo)

.debug_sfnames
 *(.debug_sfnames)

.debug_aranges  0x00000000      0x2c8
 *(.debug_aranges)
 .debug_aranges
                0x00000000       0x20 /usr/local/msp430/bin/../lib/gcc/msp430/4.7.0/mcpu-430x/mmpy-16/crt0ivtbl32.o
 .debug_aranges
                0x00000020       0x20 /usr/local/msp430/bin/../lib/gcc/msp430/4.7.0/mcpu-430x/mmpy-16/libgcc.a(_mulsi3.o)
 .debug_aranges
                0x00000040       0x20 /usr/local/msp430/bin/../lib/gcc/msp430/4.7.0/mcpu-430x/mmpy-16/libgcc.a(_udivmod16.o)
 .debug_aranges
                0x00000060       0x20 /usr/local/msp430/bin/../lib/gcc/msp430/4.7.0/mcpu-430x/mmpy-16/libgcc.a(_divmod16.o)
 .debug_aranges
                0x00000080       0x20 /usr/local/msp430/bin/../lib/gcc/msp430/4.7.0/mcpu-430x/mmpy-16/libgcc.a(_udivmod32.o)
 .debug_aranges
                0x000000a0       0x28 /usr/local/msp430/bin/../lib/gcc/msp430/4.7.0/../../../../msp430/lib/mcpu-430x/mmpy-16/libc.a(malloc.o)
 .debug_aranges
                0x000000c8       0x28 /usr/local/msp430/bin/../lib/gcc/msp430/4.7.0/../../../../msp430/lib/mcpu-430x/mmpy-16/libc.a(printf.o)
 .debug_aranges
                0x000000f0       0x28 /usr/local/msp430/bin/../lib/gcc/msp430/4.7.0/../../../../msp430/lib/mcpu-430x/mmpy-16/libc.a(vuprintf.o)
 .debug_aranges
                0x00000118       0x20 /usr/local/msp430/bin/../lib/gcc/msp430/4.7.0/../../../../msp430/lib/mcpu-430x/mmpy-16/libc.a(puts.o)
 .debug_aranges
                0x00000138       0x30 /usr/local/msp430/bin/../lib/gcc/msp430/4.7.0/../../../../msp430/lib/mcpu-430x/mmpy-16/libc.a(rand.o)
 .debug_aranges
                0x00000168       0x20 /usr/local/msp430/bin/../lib/gcc/msp430/4.7.0/../../../../msp430/lib/mcpu-430x/mmpy-16/libc.a(strncmp.o)
 .debug_aranges
                0x00000188       0x20 /usr/local/msp430/bin/../lib/gcc/msp430/4.7.0/../../../../msp430/lib/mcpu-430x/mmpy-16/libc.a(memcmp.o)
 .debug_aranges
                0x000001a8       0x20 /usr/local/msp430/bin/../lib/gcc/msp430/4.7.0/../../../../msp430/lib/mcpu-430x/mmpy-16/libc.a(memcpy.o)
 .debug_aranges
                0x000001c8       0x20 /usr/local/msp430/bin/../lib/gcc/msp430/4.7.0/../../../../msp430/lib/mcpu-430x/mmpy-16/libc.a(memset.o)
 .debug_aranges
                0x000001e8       0x20 /usr/local/msp430/bin/../lib/gcc/msp430/4.7.0/mcpu-430x/mmpy-16/libgcc.a(_udivmod64.o)
 .debug_aranges
                0x00000208       0x20 /usr/local/msp430/bin/../lib/gcc/msp430/4.7.0/mcpu-430x/mmpy-16/libcrt0.a(__watchdog_support.o)
 .debug_aranges
                0x00000228       0x20 /usr/local/msp430/bin/../lib/gcc/msp430/4.7.0/mcpu-430x/mmpy-16/libcrt0.a(__init_stack.o)
 .debug_aranges
                0x00000248       0x20 /usr/local/msp430/bin/../lib/gcc/msp430/4.7.0/mcpu-430x/mmpy-16/libcrt0.a(_copy_data.o)
 .debug_aranges
                0x00000268       0x20 /usr/local/msp430/bin/../lib/gcc/msp430/4.7.0/mcpu-430x/mmpy-16/libcrt0.a(_clear_bss.o)
 .debug_aranges
                0x00000288       0x20 /usr/local/msp430/bin/../lib/gcc/msp430/4.7.0/mcpu-430x/mmpy-16/libcrt0.a(_endless_loop__.o)
 .debug_aranges
                0x000002a8       0x20 /usr/local/msp430/bin/../lib/gcc/msp430/4.7.0/mcpu-430x/mmpy-16/libcrt0.a(_unexpected_.o)

.debug_pubnames
 *(.debug_pubnames)

.debug_info     0x00000000     0x17fd
 *(.debug_info)
 .debug_info    0x00000000       0xac /usr/local/msp430/bin/../lib/gcc/msp430/4.7.0/mcpu-430x/mmpy-16/crt0ivtbl32.o
 .debug_info    0x000000ac       0xa9 /usr/local/msp430/bin/../lib/gcc/msp430/4.7.0/mcpu-430x/mmpy-16/libgcc.a(_mulsi3.o)
 .debug_info    0x00000155       0xa9 /usr/local/msp430/bin/../lib/gcc/msp430/4.7.0/mcpu-430x/mmpy-16/libgcc.a(_udivmod16.o)
 .debug_info    0x000001fe       0xa9 /usr/local/msp430/bin/../lib/gcc/msp430/4.7.0/mcpu-430x/mmpy-16/libgcc.a(_divmod16.o)
 .debug_info    0x000002a7       0xa9 /usr/local/msp430/bin/../lib/gcc/msp430/4.7.0/mcpu-430x/mmpy-16/libgcc.a(_udivmod32.o)
 .debug_info    0x00000350      0x185 /usr/local/msp430/bin/../lib/gcc/msp430/4.7.0/../../../../msp430/lib/mcpu-430x/mmpy-16/libc.a(malloc.o)
 .debug_info    0x000004d5      0x18d /usr/local/msp430/bin/../lib/gcc/msp430/4.7.0/../../../../msp430/lib/mcpu-430x/mmpy-16/libc.a(printf.o)
 .debug_info    0x00000662      0x66d /usr/local/msp430/bin/../lib/gcc/msp430/4.7.0/../../../../msp430/lib/mcpu-430x/mmpy-16/libc.a(vuprintf.o)
 .debug_info    0x00000ccf       0xe1 /usr/local/msp430/bin/../lib/gcc/msp430/4.7.0/../../../../msp430/lib/mcpu-430x/mmpy-16/libc.a(puts.o)
 .debug_info    0x00000db0      0x172 /usr/local/msp430/bin/../lib/gcc/msp430/4.7.0/../../../../msp430/lib/mcpu-430x/mmpy-16/libc.a(rand.o)
 .debug_info    0x00000f22       0xd8 /usr/local/msp430/bin/../lib/gcc/msp430/4.7.0/../../../../msp430/lib/mcpu-430x/mmpy-16/libc.a(strncmp.o)
 .debug_info    0x00000ffa       0xff /usr/local/msp430/bin/../lib/gcc/msp430/4.7.0/../../../../msp430/lib/mcpu-430x/mmpy-16/libc.a(memcmp.o)
 .debug_info    0x000010f9      0x144 /usr/local/msp430/bin/../lib/gcc/msp430/4.7.0/../../../../msp430/lib/mcpu-430x/mmpy-16/libc.a(memcpy.o)
 .debug_info    0x0000123d      0x12d /usr/local/msp430/bin/../lib/gcc/msp430/4.7.0/../../../../msp430/lib/mcpu-430x/mmpy-16/libc.a(memset.o)
 .debug_info    0x0000136a       0xa9 /usr/local/msp430/bin/../lib/gcc/msp430/4.7.0/mcpu-430x/mmpy-16/libgcc.a(_udivmod64.o)
 .debug_info    0x00001413       0xa7 /usr/local/msp430/bin/../lib/gcc/msp430/4.7.0/mcpu-430x/mmpy-16/libcrt0.a(__watchdog_support.o)
 .debug_info    0x000014ba       0xa7 /usr/local/msp430/bin/../lib/gcc/msp430/4.7.0/mcpu-430x/mmpy-16/libcrt0.a(__init_stack.o)
 .debug_info    0x00001561       0xa7 /usr/local/msp430/bin/../lib/gcc/msp430/4.7.0/mcpu-430x/mmpy-16/libcrt0.a(_copy_data.o)
 .debug_info    0x00001608       0xa7 /usr/local/msp430/bin/../lib/gcc/msp430/4.7.0/mcpu-430x/mmpy-16/libcrt0.a(_clear_bss.o)
 .debug_info    0x000016af       0xa7 /usr/local/msp430/bin/../lib/gcc/msp430/4.7.0/mcpu-430x/mmpy-16/libcrt0.a(_endless_loop__.o)
 .debug_info    0x00001756       0xa7 /usr/local/msp430/bin/../lib/gcc/msp430/4.7.0/mcpu-430x/mmpy-16/libcrt0.a(_unexpected_.o)
 *(.gnu.linkonce.wi.*)

.debug_abbrev   0x00000000      0x92e
 *(.debug_abbrev)
 .debug_abbrev  0x00000000       0x14 /usr/local/msp430/bin/../lib/gcc/msp430/4.7.0/mcpu-430x/mmpy-16/crt0ivtbl32.o
 .debug_abbrev  0x00000014       0x14 /usr/local/msp430/bin/../lib/gcc/msp430/4.7.0/mcpu-430x/mmpy-16/libgcc.a(_mulsi3.o)
 .debug_abbrev  0x00000028       0x14 /usr/local/msp430/bin/../lib/gcc/msp430/4.7.0/mcpu-430x/mmpy-16/libgcc.a(_udivmod16.o)
 .debug_abbrev  0x0000003c       0x14 /usr/local/msp430/bin/../lib/gcc/msp430/4.7.0/mcpu-430x/mmpy-16/libgcc.a(_divmod16.o)
 .debug_abbrev  0x00000050       0x14 /usr/local/msp430/bin/../lib/gcc/msp430/4.7.0/mcpu-430x/mmpy-16/libgcc.a(_udivmod32.o)
 .debug_abbrev  0x00000064      0x10c /usr/local/msp430/bin/../lib/gcc/msp430/4.7.0/../../../../msp430/lib/mcpu-430x/mmpy-16/libc.a(malloc.o)
 .debug_abbrev  0x00000170       0xfa /usr/local/msp430/bin/../lib/gcc/msp430/4.7.0/../../../../msp430/lib/mcpu-430x/mmpy-16/libc.a(printf.o)
 .debug_abbrev  0x0000026a      0x23e /usr/local/msp430/bin/../lib/gcc/msp430/4.7.0/../../../../msp430/lib/mcpu-430x/mmpy-16/libc.a(vuprintf.o)
 .debug_abbrev  0x000004a8       0xa3 /usr/local/msp430/bin/../lib/gcc/msp430/4.7.0/../../../../msp430/lib/mcpu-430x/mmpy-16/libc.a(puts.o)
 .debug_abbrev  0x0000054b       0xfb /usr/local/msp430/bin/../lib/gcc/msp430/4.7.0/../../../../msp430/lib/mcpu-430x/mmpy-16/libc.a(rand.o)
 .debug_abbrev  0x00000646       0x72 /usr/local/msp430/bin/../lib/gcc/msp430/4.7.0/../../../../msp430/lib/mcpu-430x/mmpy-16/libc.a(strncmp.o)
 .debug_abbrev  0x000006b8       0x9e /usr/local/msp430/bin/../lib/gcc/msp430/4.7.0/../../../../msp430/lib/mcpu-430x/mmpy-16/libc.a(memcmp.o)
 .debug_abbrev  0x00000756       0xab /usr/local/msp430/bin/../lib/gcc/msp430/4.7.0/../../../../msp430/lib/mcpu-430x/mmpy-16/libc.a(memcpy.o)
 .debug_abbrev  0x00000801       0xa1 /usr/local/msp430/bin/../lib/gcc/msp430/4.7.0/../../../../msp430/lib/mcpu-430x/mmpy-16/libc.a(memset.o)
 .debug_abbrev  0x000008a2       0x14 /usr/local/msp430/bin/../lib/gcc/msp430/4.7.0/mcpu-430x/mmpy-16/libgcc.a(_udivmod64.o)
 .debug_abbrev  0x000008b6       0x14 /usr/local/msp430/bin/../lib/gcc/msp430/4.7.0/mcpu-430x/mmpy-16/libcrt0.a(__watchdog_support.o)
 .debug_abbrev  0x000008ca       0x14 /usr/local/msp430/bin/../lib/gcc/msp430/4.7.0/mcpu-430x/mmpy-16/libcrt0.a(__init_stack.o)
 .debug_abbrev  0x000008de       0x14 /usr/local/msp430/bin/../lib/gcc/msp430/4.7.0/mcpu-430x/mmpy-16/libcrt0.a(_copy_data.o)
 .debug_abbrev  0x000008f2       0x14 /usr/local/msp430/bin/../lib/gcc/msp430/4.7.0/mcpu-430x/mmpy-16/libcrt0.a(_clear_bss.o)
 .debug_abbrev  0x00000906       0x14 /usr/local/msp430/bin/../lib/gcc/msp430/4.7.0/mcpu-430x/mmpy-16/libcrt0.a(_endless_loop__.o)
 .debug_abbrev  0x0000091a       0x14 /usr/local/msp430/bin/../lib/gcc/msp430/4.7.0/mcpu-430x/mmpy-16/libcrt0.a(_unexpected_.o)

.debug_line     0x00000000      0xe75
 *(.debug_line)
 .debug_line    0x00000000       0x69 /usr/local/msp430/bin/../lib/gcc/msp430/4.7.0/mcpu-430x/mmpy-16/crt0ivtbl32.o
 .debug_line    0x00000069       0x79 /usr/local/msp430/bin/../lib/gcc/msp430/4.7.0/mcpu-430x/mmpy-16/libgcc.a(_mulsi3.o)
 .debug_line    0x000000e2       0x75 /usr/local/msp430/bin/../lib/gcc/msp430/4.7.0/mcpu-430x/mmpy-16/libgcc.a(_udivmod16.o)
 .debug_line    0x00000157       0x80 /usr/local/msp430/bin/../lib/gcc/msp430/4.7.0/mcpu-430x/mmpy-16/libgcc.a(_divmod16.o)
 .debug_line    0x000001d7       0x80 /usr/local/msp430/bin/../lib/gcc/msp430/4.7.0/mcpu-430x/mmpy-16/libgcc.a(_udivmod32.o)
 .debug_line    0x00000257       0xf2 /usr/local/msp430/bin/../lib/gcc/msp430/4.7.0/../../../../msp430/lib/mcpu-430x/mmpy-16/libc.a(malloc.o)
 .debug_line    0x00000349       0xad /usr/local/msp430/bin/../lib/gcc/msp430/4.7.0/../../../../msp430/lib/mcpu-430x/mmpy-16/libc.a(printf.o)
 .debug_line    0x000003f6      0x35d /usr/local/msp430/bin/../lib/gcc/msp430/4.7.0/../../../../msp430/lib/mcpu-430x/mmpy-16/libc.a(vuprintf.o)
 .debug_line    0x00000753       0x67 /usr/local/msp430/bin/../lib/gcc/msp430/4.7.0/../../../../msp430/lib/mcpu-430x/mmpy-16/libc.a(puts.o)
 .debug_line    0x000007ba       0x6e /usr/local/msp430/bin/../lib/gcc/msp430/4.7.0/../../../../msp430/lib/mcpu-430x/mmpy-16/libc.a(rand.o)
 .debug_line    0x00000828       0x91 /usr/local/msp430/bin/../lib/gcc/msp430/4.7.0/../../../../msp430/lib/mcpu-430x/mmpy-16/libc.a(strncmp.o)
 .debug_line    0x000008b9       0x91 /usr/local/msp430/bin/../lib/gcc/msp430/4.7.0/../../../../msp430/lib/mcpu-430x/mmpy-16/libc.a(memcmp.o)
 .debug_line    0x0000094a      0x11a /usr/local/msp430/bin/../lib/gcc/msp430/4.7.0/../../../../msp430/lib/mcpu-430x/mmpy-16/libc.a(memcpy.o)
 .debug_line    0x00000a64       0xf4 /usr/local/msp430/bin/../lib/gcc/msp430/4.7.0/../../../../msp430/lib/mcpu-430x/mmpy-16/libc.a(memset.o)
 .debug_line    0x00000b58       0xb0 /usr/local/msp430/bin/../lib/gcc/msp430/4.7.0/mcpu-430x/mmpy-16/libgcc.a(_udivmod64.o)
 .debug_line    0x00000c08       0x67 /usr/local/msp430/bin/../lib/gcc/msp430/4.7.0/mcpu-430x/mmpy-16/libcrt0.a(__watchdog_support.o)
 .debug_line    0x00000c6f       0x65 /usr/local/msp430/bin/../lib/gcc/msp430/4.7.0/mcpu-430x/mmpy-16/libcrt0.a(__init_stack.o)
 .debug_line    0x00000cd4       0x6b /usr/local/msp430/bin/../lib/gcc/msp430/4.7.0/mcpu-430x/mmpy-16/libcrt0.a(_copy_data.o)
 .debug_line    0x00000d3f       0x6b /usr/local/msp430/bin/../lib/gcc/msp430/4.7.0/mcpu-430x/mmpy-16/libcrt0.a(_clear_bss.o)
 .debug_line    0x00000daa       0x66 /usr/local/msp430/bin/../lib/gcc/msp430/4.7.0/mcpu-430x/mmpy-16/libcrt0.a(_endless_loop__.o)
 .debug_line    0x00000e10       0x65 /usr/local/msp430/bin/../lib/gcc/msp430/4.7.0/mcpu-430x/mmpy-16/libcrt0.a(_unexpected_.o)

.debug_frame    0x00000000      0x228
 *(.debug_frame)
 .debug_frame   0x00000000       0x40 /usr/local/msp430/bin/../lib/gcc/msp430/4.7.0/../../../../msp430/lib/mcpu-430x/mmpy-16/libc.a(malloc.o)
 .debug_frame   0x00000040       0x34 /usr/local/msp430/bin/../lib/gcc/msp430/4.7.0/../../../../msp430/lib/mcpu-430x/mmpy-16/libc.a(printf.o)
 .debug_frame   0x00000074       0x84 /usr/local/msp430/bin/../lib/gcc/msp430/4.7.0/../../../../msp430/lib/mcpu-430x/mmpy-16/libc.a(vuprintf.o)
 .debug_frame   0x000000f8       0x2c /usr/local/msp430/bin/../lib/gcc/msp430/4.7.0/../../../../msp430/lib/mcpu-430x/mmpy-16/libc.a(puts.o)
 .debug_frame   0x00000124       0x4c /usr/local/msp430/bin/../lib/gcc/msp430/4.7.0/../../../../msp430/lib/mcpu-430x/mmpy-16/libc.a(rand.o)
 .debug_frame   0x00000170       0x2c /usr/local/msp430/bin/../lib/gcc/msp430/4.7.0/../../../../msp430/lib/mcpu-430x/mmpy-16/libc.a(strncmp.o)
 .debug_frame   0x0000019c       0x2c /usr/local/msp430/bin/../lib/gcc/msp430/4.7.0/../../../../msp430/lib/mcpu-430x/mmpy-16/libc.a(memcmp.o)
 .debug_frame   0x000001c8       0x30 /usr/local/msp430/bin/../lib/gcc/msp430/4.7.0/../../../../msp430/lib/mcpu-430x/mmpy-16/libc.a(memcpy.o)
 .debug_frame   0x000001f8       0x30 /usr/local/msp430/bin/../lib/gcc/msp430/4.7.0/../../../../msp430/lib/mcpu-430x/mmpy-16/libc.a(memset.o)

.debug_str      0x00000000      0x465
 *(.debug_str)
 .debug_str     0x00000000      0x112 /usr/local/msp430/bin/../lib/gcc/msp430/4.7.0/../../../../msp430/lib/mcpu-430x/mmpy-16/libc.a(malloc.o)
                                0x161 (size before relaxing)
 .debug_str     0x00000112       0x49 /usr/local/msp430/bin/../lib/gcc/msp430/4.7.0/../../../../msp430/lib/mcpu-430x/mmpy-16/libc.a(printf.o)
                                0x147 (size before relaxing)
 .debug_str     0x0000015b      0x22b /usr/local/msp430/bin/../lib/gcc/msp430/4.7.0/../../../../msp430/lib/mcpu-430x/mmpy-16/libc.a(vuprintf.o)
                                0x3ad (size before relaxing)
 .debug_str     0x00000386       0x1d /usr/local/msp430/bin/../lib/gcc/msp430/4.7.0/../../../../msp430/lib/mcpu-430x/mmpy-16/libc.a(puts.o)
                                0x10c (size before relaxing)
 .debug_str     0x000003a3       0x2a /usr/local/msp430/bin/../lib/gcc/msp430/4.7.0/../../../../msp430/lib/mcpu-430x/mmpy-16/libc.a(rand.o)
                                0x123 (size before relaxing)
 .debug_str     0x000003cd       0x1b /usr/local/msp430/bin/../lib/gcc/msp430/4.7.0/../../../../msp430/lib/mcpu-430x/mmpy-16/libc.a(strncmp.o)
                                0x111 (size before relaxing)
 .debug_str     0x000003e8       0x19 /usr/local/msp430/bin/../lib/gcc/msp430/4.7.0/../../../../msp430/lib/mcpu-430x/mmpy-16/libc.a(memcmp.o)
                                0x10f (size before relaxing)
 .debug_str     0x00000401       0x3e /usr/local/msp430/bin/../lib/gcc/msp430/4.7.0/../../../../msp430/lib/mcpu-430x/mmpy-16/libc.a(memcpy.o)
                                0x13d (size before relaxing)
 .debug_str     0x0000043f       0x26 /usr/local/msp430/bin/../lib/gcc/msp430/4.7.0/../../../../msp430/lib/mcpu-430x/mmpy-16/libc.a(memset.o)
                                0x13b (size before relaxing)

.debug_loc      0x00000000     0x13af
 *(.debug_loc)
 .debug_loc     0x00000000      0x166 /usr/local/msp430/bin/../lib/gcc/msp430/4.7.0/../../../../msp430/lib/mcpu-430x/mmpy-16/libc.a(malloc.o)
 .debug_loc     0x00000166       0x78 /usr/local/msp430/bin/../lib/gcc/msp430/4.7.0/../../../../msp430/lib/mcpu-430x/mmpy-16/libc.a(printf.o)
 .debug_loc     0x000001de      0xc38 /usr/local/msp430/bin/../lib/gcc/msp430/4.7.0/../../../../msp430/lib/mcpu-430x/mmpy-16/libc.a(vuprintf.o)
 .debug_loc     0x00000e16       0x3e /usr/local/msp430/bin/../lib/gcc/msp430/4.7.0/../../../../msp430/lib/mcpu-430x/mmpy-16/libc.a(puts.o)
 .debug_loc     0x00000e54       0x78 /usr/local/msp430/bin/../lib/gcc/msp430/4.7.0/../../../../msp430/lib/mcpu-430x/mmpy-16/libc.a(rand.o)
 .debug_loc     0x00000ecc       0x7a /usr/local/msp430/bin/../lib/gcc/msp430/4.7.0/../../../../msp430/lib/mcpu-430x/mmpy-16/libc.a(strncmp.o)
 .debug_loc     0x00000f46       0x6d /usr/local/msp430/bin/../lib/gcc/msp430/4.7.0/../../../../msp430/lib/mcpu-430x/mmpy-16/libc.a(memcmp.o)
 .debug_loc     0x00000fb3      0x2c3 /usr/local/msp430/bin/../lib/gcc/msp430/4.7.0/../../../../msp430/lib/mcpu-430x/mmpy-16/libc.a(memcpy.o)
 .debug_loc     0x00001276      0x139 /usr/local/msp430/bin/../lib/gcc/msp430/4.7.0/../../../../msp430/lib/mcpu-430x/mmpy-16/libc.a(memset.o)

.debug_macinfo
 *(.debug_macinfo)

.debug_pubtypes
 *(.debug_pubtypes)

.debug_ranges   0x00000000      0x100
 *(.debug_ranges)
 .debug_ranges  0x00000000       0x30 /usr/local/msp430/bin/../lib/gcc/msp430/4.7.0/../../../../msp430/lib/mcpu-430x/mmpy-16/libc.a(malloc.o)
 .debug_ranges  0x00000030       0x18 /usr/local/msp430/bin/../lib/gcc/msp430/4.7.0/../../../../msp430/lib/mcpu-430x/mmpy-16/libc.a(printf.o)
 .debug_ranges  0x00000048       0x48 /usr/local/msp430/bin/../lib/gcc/msp430/4.7.0/../../../../msp430/lib/mcpu-430x/mmpy-16/libc.a(vuprintf.o)
 .debug_ranges  0x00000090       0x10 /usr/local/msp430/bin/../lib/gcc/msp430/4.7.0/../../../../msp430/lib/mcpu-430x/mmpy-16/libc.a(puts.o)
 .debug_ranges  0x000000a0       0x20 /usr/local/msp430/bin/../lib/gcc/msp430/4.7.0/../../../../msp430/lib/mcpu-430x/mmpy-16/libc.a(rand.o)
 .debug_ranges  0x000000c0       0x10 /usr/local/msp430/bin/../lib/gcc/msp430/4.7.0/../../../../msp430/lib/mcpu-430x/mmpy-16/libc.a(strncmp.o)
 .debug_ranges  0x000000d0       0x10 /usr/local/msp430/bin/../lib/gcc/msp430/4.7.0/../../../../msp430/lib/mcpu-430x/mmpy-16/libc.a(memcmp.o)
 .debug_ranges  0x000000e0       0x10 /usr/local/msp430/bin/../lib/gcc/msp430/4.7.0/../../../../msp430/lib/mcpu-430x/mmpy-16/libc.a(memcpy.o)
 .debug_ranges  0x000000f0       0x10 /usr/local/msp430/bin/../lib/gcc/msp430/4.7.0/../../../../msp430/lib/mcpu-430x/mmpy-16/libc.a(memset.o)
                0x00003100                PROVIDE (__stack, (ORIGIN (ram) + 0x2000))
                0x00008f7a                __data_start_rom = _etext
                0x0000902c                __data_end_rom = (_etext + SIZEOF (.data))
OUTPUT(blockchain.z1 elf32-msp430)

.gnu.attributes
                0x00000000       0x10
 .gnu.attributes
                0x00000000       0x10 /usr/local/msp430/bin/../lib/gcc/msp430/4.7.0/mcpu-430x/mmpy-16/crt0ivtbl32.o
 .gnu.attributes
                0x00000010       0x10 blockchain.co
 .gnu.attributes
                0x00000020       0x10 obj_z1/contiki-z1-main.o
 .gnu.attributes
                0x00000030       0x10 contiki-z1.a(rimeaddr.o)
 .gnu.attributes
                0x00000040       0x10 contiki-z1.a(rime.o)
 .gnu.attributes
                0x00000050       0x10 contiki-z1.a(announcement.o)
 .gnu.attributes
                0x00000060       0x10 contiki-z1.a(broadcast-annou)
 .gnu.attributes
                0x00000070       0x10 contiki-z1.a(broadcast.o)
 .gnu.attributes
                0x00000080       0x10 contiki-z1.a(abc.o)
 .gnu.attributes
                0x00000090       0x10 contiki-z1.a(chameleon.o)
 .gnu.attributes
                0x000000a0       0x10 contiki-z1.a(channel.o)
 .gnu.attributes
                0x000000b0       0x10 contiki-z1.a(chameleon-bitop)
 .gnu.attributes
                0x000000c0       0x10 contiki-z1.a(csma.o)
 .gnu.attributes
                0x000000d0       0x10 contiki-z1.a(contikimac.o)
 .gnu.attributes
                0x000000e0       0x10 contiki-z1.a(phase.o)
 .gnu.attributes
                0x000000f0       0x10 contiki-z1.a(process.o)
 .gnu.attributes
                0x00000100       0x10 contiki-z1.a(autostart.o)
 .gnu.attributes
                0x00000110       0x10 contiki-z1.a(compower.o)
 .gnu.attributes
                0x00000120       0x10 contiki-z1.a(serial-line.o)
 .gnu.attributes
                0x00000130       0x10 contiki-z1.a(memb.o)
 .gnu.attributes
                0x00000140       0x10 contiki-z1.a(timer.o)
 .gnu.attributes
                0x00000150       0x10 contiki-z1.a(list.o)
 .gnu.attributes
                0x00000160       0x10 contiki-z1.a(etimer.o)
 .gnu.attributes
                0x00000170       0x10 contiki-z1.a(ctimer.o)
 .gnu.attributes
                0x00000180       0x10 contiki-z1.a(energest.o)
 .gnu.attributes
                0x00000190       0x10 contiki-z1.a(rtimer.o)
 .gnu.attributes
                0x000001a0       0x10 contiki-z1.a(random.o)
 .gnu.attributes
                0x000001b0       0x10 contiki-z1.a(ringbuf.o)
 .gnu.attributes
                0x000001c0       0x10 contiki-z1.a(nbr-table.o)
 .gnu.attributes
                0x000001d0       0x10 contiki-z1.a(packetbuf.o)
 .gnu.attributes